Component: ARM Compiler 5.05 update 1 (build 106) Tool: armlink [4d0efa]

==============================================================================

Section Cross References

    main.o(.text) refers to misc.o(.text) for NVIC_PriorityGroupConfig
    main.o(.text) refers to delay.o(.text) for delay_init
    main.o(.text) refers to freertostask.o(.text) for FreeRTOS_init
    stm32f4xx_it.o(.text) refers to stm32f4xx_exti.o(.text) for EXTI_GetITStatus
    stm32f4xx_it.o(.text) refers to queue.o(.text) for xQueueGiveFromISR
    stm32f4xx_it.o(.text) refers to stm32f4xx_dma.o(.text) for DMA_GetFlagStatus
    stm32f4xx_it.o(.text) refers to stm32f4xx_can.o(.text) for CAN_GetITStatus
    stm32f4xx_it.o(.text) refers to dflt_clz.o(x$fpl$dflt) for __aeabi_i2d
    stm32f4xx_it.o(.text) refers to dmul.o(x$fpl$dmul) for __aeabi_dmul
    stm32f4xx_it.o(.text) refers to f2d.o(x$fpl$f2d) for __aeabi_f2d
    stm32f4xx_it.o(.text) refers to daddsub_clz.o(x$fpl$dsub) for __aeabi_dsub
    stm32f4xx_it.o(.text) refers to d2f.o(x$fpl$d2f) for __aeabi_d2f
    stm32f4xx_it.o(.text) refers to stm32f4xx_tim.o(.text) for TIM_GetITStatus
    stm32f4xx_it.o(.text) refers to auto_attacktask.o(.text) for receiveMainFocusData
    stm32f4xx_it.o(.text) refers to freertostask.o(.text) for Key_Scan
    stm32f4xx_it.o(.text) refers to freertostask.o(.data) for ImuDataSem
    stm32f4xx_it.o(.text) refers to stm32f4xx_it.o(.bss) for Imu_ext
    stm32f4xx_it.o(.text) refers to stm32f4xx_it.o(.data) for P_Key_ide1
    stm32f4xx_it.o(.data) refers to stm32f4xx_it.o(.bss) for key_ide
    system_stm32f4xx.o(.text) refers to system_stm32f4xx.o(.data) for SystemCoreClock
    basicperipherals.o(.text) refers to stm32f4xx_rcc.o(.text) for RCC_AHB1PeriphClockCmd
    basicperipherals.o(.text) refers to stm32f4xx_gpio.o(.text) for GPIO_Init
    basicperipherals.o(.text) refers to stm32f4xx_tim.o(.text) for TIM_TimeBaseInit
    basicperipherals.o(.text) refers to stm32f4xx_syscfg.o(.text) for SYSCFG_EXTILineConfig
    basicperipherals.o(.text) refers to stm32f4xx_exti.o(.text) for EXTI_Init
    basicperipherals.o(.text) refers to misc.o(.text) for NVIC_Init
    basicperipherals.o(.text) refers to tasks.o(.text) for vTaskDelay
    basicperipherals.o(.text) refers to basicperipherals.o(.data) for FreeRTOSRunTimeTicks
    remotdbus.o(.text) refers to stm32f4xx_rcc.o(.text) for RCC_AHB1PeriphClockCmd
    remotdbus.o(.text) refers to stm32f4xx_gpio.o(.text) for GPIO_Init
    remotdbus.o(.text) refers to stm32f4xx_usart.o(.text) for USART_DeInit
    remotdbus.o(.text) refers to misc.o(.text) for NVIC_Init
    remotdbus.o(.text) refers to stm32f4xx_dma.o(.text) for DMA_Cmd
    remotdbus.o(.text) refers to remotdbus.o(.bss) for sbus_rx_buffer
    frictionmoterpwm.o(.text) refers to stm32f4xx_rcc.o(.text) for RCC_APB1PeriphClockCmd
    frictionmoterpwm.o(.text) refers to stm32f4xx_gpio.o(.text) for GPIO_PinAFConfig
    frictionmoterpwm.o(.text) refers to stm32f4xx_tim.o(.text) for TIM_TimeBaseInit
    motorcan.o(.text) refers to stm32f4xx_rcc.o(.text) for RCC_APB1PeriphClockCmd
    motorcan.o(.text) refers to stm32f4xx_gpio.o(.text) for GPIO_Init
    motorcan.o(.text) refers to misc.o(.text) for NVIC_Init
    motorcan.o(.text) refers to stm32f4xx_can.o(.text) for CAN_DeInit
    stmflash.o(.text) refers to stm32f4xx_flash.o(.text) for FLASH_Unlock
    mainfocus_usart.o(.text) refers to stm32f4xx_rcc.o(.text) for RCC_AHB1PeriphClockCmd
    mainfocus_usart.o(.text) refers to stm32f4xx_gpio.o(.text) for GPIO_Init
    mainfocus_usart.o(.text) refers to stm32f4xx_usart.o(.text) for USART_DeInit
    mainfocus_usart.o(.text) refers to misc.o(.text) for NVIC_Init
    mainfocus_usart.o(.text) refers to stm32f4xx_dma.o(.text) for DMA_Cmd
    mainfocus_usart.o(.text) refers to auto_attacktask.o(.bss) for mainfocus_rx_buffer
    referee.o(.text) refers to stm32f4xx_rcc.o(.text) for RCC_APB2PeriphClockCmd
    referee.o(.text) refers to stm32f4xx_gpio.o(.text) for GPIO_PinAFConfig
    referee.o(.text) refers to stm32f4xx_dma.o(.text) for DMA_DeInit
    referee.o(.text) refers to stm32f4xx_usart.o(.text) for USART_DeInit
    referee.o(.text) refers to misc.o(.text) for NVIC_Init
    referee.o(.text) refers to rt_memcpy_v6.o(.text) for __aeabi_memcpy
    referee.o(.text) refers to referee.o(.bss) for Rx_Buf_Referee
    referee.o(.text) refers to referee.o(.constdata) for CRC8_TAB
    referee.o(.text) refers to referee.o(.data) for count
    freertostask.o(.text) refers to event_groups.o(.text) for xEventGroupSetBits
    freertostask.o(.text) refers to tasks.o(.text) for vTaskDelay
    freertostask.o(.text) refers to queue.o(.text) for xQueueReceive
    freertostask.o(.text) refers to imu.o(.text) for GetPitchYawGxGyGz
    freertostask.o(.text) refers to stm32f4xx_it.o(.bss) for Imu_ext
    freertostask.o(.text) refers to freertostask.o(.bss) for RemotData
    freertostask.o(.text) refers to referee.o(.bss) for Referee_date1
[...]
    FLASH_IRQHandler                         0x08004793   Thumb Code     0  startup_stm32f427_437xx.o(.text)
    FMC_IRQHandler                           0x08004793   Thumb Code     0  startup_stm32f427_437xx.o(.text)
    FPU_IRQHandler                           0x08004793   Thumb Code     0  startup_stm32f427_437xx.o(.text)
    HASH_RNG_IRQHandler                      0x08004793   Thumb Code     0  startup_stm32f427_437xx.o(.text)
    I2C1_ER_IRQHandler                       0x08004793   Thumb Code     0  startup_stm32f427_437xx.o(.text)
    I2C1_EV_IRQHandler                       0x08004793   Thumb Code     0  startup_stm32f427_437xx.o(.text)
    I2C2_ER_IRQHandler                       0x08004793   Thumb Code     0  startup_stm32f427_437xx.o(.text)
    I2C2_EV_IRQHandler                       0x08004793   Thumb Code     0  startup_stm32f427_437xx.o(.text)
    I2C3_ER_IRQHandler                       0x08004793   Thumb Code     0  startup_stm32f427_437xx.o(.text)
    I2C3_EV_IRQHandler                       0x08004793   Thumb Code     0  startup_stm32f427_437xx.o(.text)
    OTG_FS_IRQHandler                        0x08004793   Thumb Code     0  startup_stm32f427_437xx.o(.text)
    OTG_FS_WKUP_IRQHandler                   0x08004793   Thumb Code     0  startup_stm32f427_437xx.o(.text)
    OTG_HS_EP1_IN_IRQHandler                 0x08004793   Thumb Code     0  startup_stm32f427_437xx.o(.text)
    OTG_HS_EP1_OUT_IRQHandler                0x08004793   Thumb Code     0  startup_stm32f427_437xx.o(.text)
    OTG_HS_IRQHandler                        0x08004793   Thumb Code     0  startup_stm32f427_437xx.o(.text)
    OTG_HS_WKUP_IRQHandler                   0x08004793   Thumb Code     0  startup_stm32f427_437xx.o(.text)
    PVD_IRQHandler                           0x08004793   Thumb Code     0  startup_stm32f427_437xx.o(.text)
    RCC_IRQHandler                           0x08004793   Thumb Code     0  startup_stm32f427_437xx.o(.text)
    RTC_Alarm_IRQHandler                     0x08004793   Thumb Code     0  startup_stm32f427_437xx.o(.text)
    RTC_WKUP_IRQHandler                      0x08004793   Thumb Code     0  startup_stm32f427_437xx.o(.text)
    SAI1_IRQHandler                          0x08004793   Thumb Code     0  startup_stm32f427_437xx.o(.text)
    SDIO_IRQHandler                          0x08004793   Thumb Code     0  startup_stm32f427_437xx.o(.text)
    SPI1_IRQHandler                          0x08004793   Thumb Code     0  startup_stm32f427_437xx.o(.text)
    SPI2_IRQHandler                          0x08004793   Thumb Code     0  startup_stm32f427_437xx.o(.text)
    SPI3_IRQHandler                          0x08004793   Thumb Code     0  startup_stm32f427_437xx.o(.text)
    SPI4_IRQHandler                          0x08004793   Thumb Code     0  startup_stm32f427_437xx.o(.text)
    SPI5_IRQHandler                          0x08004793   Thumb Code     0  startup_stm32f427_437xx.o(.text)
    SPI6_IRQHandler                          0x08004793   Thumb Code     0  startup_stm32f427_437xx.o(.text)
    TAMP_STAMP_IRQHandler                    0x08004793   Thumb Code     0  startup_stm32f427_437xx.o(.text)
    TIM1_BRK_TIM9_IRQHandler                 0x08004793   Thumb Code     0  startup_stm32f427_437xx.o(.text)
    TIM1_CC_IRQHandler                       0x08004793   Thumb Code     0  startup_stm32f427_437xx.o(.text)
    TIM1_TRG_COM_TIM11_IRQHandler            0x08004793   Thumb Code     0  startup_stm32f427_437xx.o(.text)
    TIM1_UP_TIM10_IRQHandler                 0x08004793   Thumb Code     0  startup_stm32f427_437xx.o(.text)
    TIM6_DAC_IRQHandler                      0x08004793   Thumb Code     0  startup_stm32f427_437xx.o(.text)
    TIM7_IRQHandler                          0x08004793   Thumb Code     0  startup_stm32f427_437xx.o(.text)
    TIM8_BRK_TIM12_IRQHandler                0x08004793   Thumb Code     0  startup_stm32f427_437xx.o(.text)
    TIM8_CC_IRQHandler                       0x08004793   Thumb Code     0  startup_stm32f427_437xx.o(.text)
    TIM8_TRG_COM_TIM14_IRQHandler            0x08004793   Thumb Code     0  startup_stm32f427_437xx.o(.text)
    TIM8_UP_TIM13_IRQHandler                 0x08004793   Thumb Code     0  startup_stm32f427_437xx.o(.text)
    UART4_IRQHandler                         0x08004793   Thumb Code     0  startup_stm32f427_437xx.o(.text)
    UART5_IRQHandler                         0x08004793   Thumb Code     0  startup_stm32f427_437xx.o(.text)
    UART7_IRQHandler                         0x08004793   Thumb Code     0  startup_stm32f427_437xx.o(.text)
    UART8_IRQHandler                         0x08004793   Thumb Code     0  startup_stm32f427_437xx.o(.text)
    USART1_IRQHandler                        0x08004793   Thumb Code     0  startup_stm32f427_437xx.o(.text)
    USART2_IRQHandler                        0x08004793   Thumb Code     0  startup_stm32f427_437xx.o(.text)
    USART3_IRQHandler                        0x08004793   Thumb Code     0  startup_stm32f427_437xx.o(.text)
    WWDG_IRQHandler                          0x08004793   Thumb Code     0  startup_stm32f427_437xx.o(.text)
    __user_initial_stackheap                 0x08004795   Thumb Code     0  startup_stm32f427_437xx.o(.text)
    NVIC_PriorityGroupConfig                 0x080047b9   Thumb Code    10  misc.o(.text)
    NVIC_Init                                0x080047c3   Thumb Code   106  misc.o(.text)
    NVIC_SetVectorTable                      0x0800482d   Thumb Code    14  misc.o(.text)
    NVIC_SystemLPConfig                      0x0800483b   Thumb Code    34  misc.o(.text)
    SysTick_CLKSourceConfig                  0x0800485d   Thumb Code    40  misc.o(.text)
    GPIO_DeInit                              0x08004899   Thumb Code   268  stm32f4xx_gpio.o(.text)
    GPIO_Init                                0x080049a5   Thumb Code   144  stm32f4xx_gpio.o(.text)
    GPIO_StructInit                          0x08004a35   Thumb Code    18  stm32f4xx_gpio.o(.text)
    GPIO_PinLockConfig                       0x08004a47   Thumb Code    34  stm32f4xx_gpio.o(.text)
    GPIO_ReadInputDataBit                    0x08004a69   Thumb Code    18  stm32f4xx_gpio.o(.text)
    GPIO_ReadInputData                       0x08004a7b   Thumb Code     8  stm32f4xx_gpio.o(.text)
    GPIO_ReadOutputDataBit                   0x08004a83   Thumb Code    18  stm32f4xx_gpio.o(.text)
    GPIO_ReadOutputData                      0x08004a95   Thumb Code     8  stm32f4xx_gpio.o(.text)
    GPIO_SetBits                             0x08004a9d   Thumb Code     4  stm32f4xx_gpio.o(.text)
    GPIO_ResetBits                           0x08004aa1   Thumb Code     4  stm32f4xx_gpio.o(.text)
    GPIO_WriteBit                            0x08004aa5   Thumb Code    10  stm32f4xx_gpio.o(.text)
    GPIO_Write                               0x08004aaf   Thumb Code     4  stm32f4xx_gpio.o(.text)
    GPIO_ToggleBits                          0x08004ab3   Thumb Code     8  stm32f4xx_gpio.o(.text)
    GPIO_PinAFConfig                         0x08004abb   Thumb Code    70  stm32f4xx_gpio.o(.text)
    RCC_DeInit                               0x08004b2d   Thumb Code    82  stm32f4xx_rcc.o(.text)
    RCC_HSEConfig                            0x08004b7f   Thumb Code    14  stm32f4xx_rcc.o(.text)
    RCC_GetFlagStatus                        0x08004b8d   Thumb Code    60  stm32f4xx_rcc.o(.text)
    RCC_WaitForHSEStartUp                    0x08004bc9   Thumb Code    56  stm32f4xx_rcc.o(.text)
    RCC_AdjustHSICalibrationValue            0x08004c01   Thumb Code    20  stm32f4xx_rcc.o(.text)
    RCC_HSICmd                               0x08004c15   Thumb Code     6  stm32f4xx_rcc.o(.text)
    RCC_LSEConfig                            0x08004c1b   Thumb Code    46  stm32f4xx_rcc.o(.text)
    RCC_LSICmd                               0x08004c49   Thumb Code     6  stm32f4xx_rcc.o(.text)
    RCC_PLLConfig                            0x08004c4f   Thumb Code    32  stm32f4xx_rcc.o(.text)
    RCC_PLLCmd                               0x08004c6f   Thumb Code     6  stm32f4xx_rcc.o(.text)
    RCC_PLLI2SConfig                         0x08004c75   Thumb Code    20  stm32f4xx_rcc.o(.text)
    RCC_PLLI2SCmd                            0x08004c89   Thumb Code     6  stm32f4xx_rcc.o(.text)
    RCC_PLLSAIConfig                         0x08004c8f   Thumb Code    20  stm32f4xx_rcc.o(.text)
    RCC_PLLSAICmd                            0x08004ca3   Thumb Code     6  stm32f4xx_rcc.o(.text)
    RCC_ClockSecuritySystemCmd               0x08004ca9   Thumb Code     6  stm32f4xx_rcc.o(.text)
    RCC_MCO1Config                           0x08004caf   Thumb Code    28  stm32f4xx_rcc.o(.text)
    RCC_MCO2Config                           0x08004ccb   Thumb Code    28  stm32f4xx_rcc.o(.text)
    RCC_SYSCLKConfig                         0x08004ce7   Thumb Code    20  stm32f4xx_rcc.o(.text)
    RCC_GetSYSCLKSource                      0x08004cfb   Thumb Code    12  stm32f4xx_rcc.o(.text)
    RCC_HCLKConfig                           0x08004d07   Thumb Code    20  stm32f4xx_rcc.o(.text)
    RCC_PCLK1Config                          0x08004d1b   Thumb Code    20  stm32f4xx_rcc.o(.text)
    RCC_PCLK2Config                          0x08004d2f   Thumb Code    22  stm32f4xx_rcc.o(.text)
    RCC_GetClocksFreq                        0x08004d45   Thumb Code   222  stm32f4xx_rcc.o(.text)
    RCC_RTCCLKConfig                         0x08004e23   Thumb Code    54  stm32f4xx_rcc.o(.text)
    RCC_RTCCLKCmd                            0x08004e59   Thumb Code     8  stm32f4xx_rcc.o(.text)
    RCC_BackupResetCmd                       0x08004e61   Thumb Code     8  stm32f4xx_rcc.o(.text)
    RCC_I2SCLKConfig                         0x08004e69   Thumb Code     6  stm32f4xx_rcc.o(.text)
    RCC_SAIPLLI2SClkDivConfig                0x08004e6f   Thumb Code    26  stm32f4xx_rcc.o(.text)
    RCC_SAIPLLSAIClkDivConfig                0x08004e89   Thumb Code    28  stm32f4xx_rcc.o(.text)
    RCC_SAIBlockACLKConfig                   0x08004ea5   Thumb Code    20  stm32f4xx_rcc.o(.text)
    RCC_SAIBlockBCLKConfig                   0x08004eb9   Thumb Code    20  stm32f4xx_rcc.o(.text)
    RCC_LTDCCLKDivConfig                     0x08004ecd   Thumb Code    20  stm32f4xx_rcc.o(.text)
    RCC_TIMCLKPresConfig                     0x08004ee1   Thumb Code     6  stm32f4xx_rcc.o(.text)
    RCC_AHB1PeriphClockCmd                   0x08004ee7   Thumb Code    82  stm32f4xx_rcc.o(.text)
    RCC_AHB2PeriphClockCmd                   0x08004f39   Thumb Code    26  stm32f4xx_rcc.o(.text)
    RCC_AHB3PeriphClockCmd                   0x08004f53   Thumb Code    34  stm32f4xx_rcc.o(.text)
    RCC_APB1PeriphClockCmd                   0x08004f75   Thumb Code    34  stm32f4xx_rcc.o(.text)
    RCC_APB2PeriphClockCmd                   0x08004f97   Thumb Code    34  stm32f4xx_rcc.o(.text)
    RCC_AHB1PeriphResetCmd                   0x08004fb9   Thumb Code    34  stm32f4xx_rcc.o(.text)
    RCC_AHB2PeriphResetCmd                   0x08004fdb   Thumb Code    34  stm32f4xx_rcc.o(.text)
    RCC_AHB3PeriphResetCmd                   0x08004ffd   Thumb Code    34  stm32f4xx_rcc.o(.text)
    RCC_APB1PeriphResetCmd                   0x0800501f   Thumb Code    34  stm32f4xx_rcc.o(.text)
    RCC_APB2PeriphResetCmd                   0x08005041   Thumb Code    34  stm32f4xx_rcc.o(.text)
    RCC_AHB1PeriphClockLPModeCmd             0x08005063   Thumb Code    34  stm32f4xx_rcc.o(.text)
    RCC_AHB2PeriphClockLPModeCmd             0x08005085   Thumb Code    34  stm32f4xx_rcc.o(.text)
    RCC_AHB3PeriphClockLPModeCmd             0x080050a7   Thumb Code    34  stm32f4xx_rcc.o(.text)
    RCC_APB1PeriphClockLPModeCmd             0x080050c9   Thumb Code    34  stm32f4xx_rcc.o(.text)
    RCC_APB2PeriphClockLPModeCmd             0x080050eb   Thumb Code    34  stm32f4xx_rcc.o(.text)
    RCC_LSEModeConfig                        0x0800510d   Thumb Code    40  stm32f4xx_rcc.o(.text)
    RCC_ITConfig                             0x08005135   Thumb Code    34  stm32f4xx_rcc.o(.text)
    RCC_ClearFlag                            0x08005157   Thumb Code    18  stm32f4xx_rcc.o(.text)
    RCC_GetITStatus                          0x08005169   Thumb Code    22  stm32f4xx_rcc.o(.text)
    RCC_ClearITPendingBit                    0x0800517f   Thumb Code     8  stm32f4xx_rcc.o(.text)
    SYSCFG_DeInit                            0x0800518d   Thumb Code    22  stm32f4xx_syscfg.o(.text)
    SYSCFG_MemoryRemapConfig                 0x080051a3   Thumb Code     6  stm32f4xx_syscfg.o(.text)
    SYSCFG_MemorySwappingBank                0x080051a9   Thumb Code     6  stm32f4xx_syscfg.o(.text)
    SYSCFG_EXTILineConfig                    0x080051af   Thumb Code    66  stm32f4xx_syscfg.o(.text)
    SYSCFG_ETH_MediaInterfaceConfig          0x080051f1   Thumb Code     8  stm32f4xx_syscfg.o(.text)
    SYSCFG_CompensationCellCmd               0x080051f9   Thumb Code     6  stm32f4xx_syscfg.o(.text)
    SYSCFG_GetCompensationCellStatus         0x080051ff   Thumb Code    22  stm32f4xx_syscfg.o(.text)
    USART_DeInit                             0x08005221   Thumb Code   206  stm32f4xx_usart.o(.text)
    USART_Init                               0x080052ef   Thumb Code   204  stm32f4xx_usart.o(.text)
    USART_StructInit                         0x080053bb   Thumb Code    24  stm32f4xx_usart.o(.text)
    USART_ClockInit                          0x080053d3   Thumb Code    32  stm32f4xx_usart.o(.text)
    USART_ClockStructInit                    0x080053f3   Thumb Code    12  stm32f4xx_usart.o(.text)
    USART_Cmd                                0x080053ff   Thumb Code    24  stm32f4xx_usart.o(.text)
    USART_SetPrescaler                       0x08005417   Thumb Code    16  stm32f4xx_usart.o(.text)
    USART_OverSampling8Cmd                   0x08005427   Thumb Code    22  stm32f4xx_usart.o(.text)
    USART_OneBitMethodCmd                    0x0800543d   Thumb Code    24  stm32f4xx_usart.o(.text)
    USART_SendData                           0x08005455   Thumb Code     8  stm32f4xx_usart.o(.text)
    USART_ReceiveData                        0x0800545d   Thumb Code    10  stm32f4xx_usart.o(.text)
    USART_SetAddress                         0x08005467   Thumb Code    18  stm32f4xx_usart.o(.text)
    USART_ReceiverWakeUpCmd                  0x08005479   Thumb Code    24  stm32f4xx_usart.o(.text)
    USART_WakeUpConfig                       0x08005491   Thumb Code    18  stm32f4xx_usart.o(.text)
    USART_LINBreakDetectLengthConfig         0x080054a3   Thumb Code    18  stm32f4xx_usart.o(.text)
    USART_LINCmd                             0x080054b5   Thumb Code    24  stm32f4xx_usart.o(.text)
    USART_SendBreak                          0x080054cd   Thumb Code    10  stm32f4xx_usart.o(.text)
    USART_HalfDuplexCmd                      0x080054d7   Thumb Code    24  stm32f4xx_usart.o(.text)
    USART_SetGuardTime                       0x080054ef   Thumb Code    16  stm32f4xx_usart.o(.text)
    USART_SmartCardCmd                       0x080054ff   Thumb Code    24  stm32f4xx_usart.o(.text)
    USART_SmartCardNACKCmd                   0x08005517   Thumb Code    24  stm32f4xx_usart.o(.text)
    USART_IrDAConfig                         0x0800552f   Thumb Code    18  stm32f4xx_usart.o(.text)
    USART_IrDACmd                            0x08005541   Thumb Code    24  stm32f4xx_usart.o(.text)
    USART_DMACmd                             0x08005559   Thumb Code    18  stm32f4xx_usart.o(.text)
    USART_ITConfig                           0x0800556b   Thumb Code    74  stm32f4xx_usart.o(.text)
    USART_GetFlagStatus                      0x080055b5   Thumb Code    26  stm32f4xx_usart.o(.text)
    USART_ClearFlag                          0x080055cf   Thumb Code    18  stm32f4xx_usart.o(.text)
    USART_GetITStatus                        0x080055e1   Thumb Code   118  stm32f4xx_usart.o(.text)
    USART_ClearITPendingBit                  0x08005657   Thumb Code    30  stm32f4xx_usart.o(.text)
    CAN_DeInit                               0x08005675   Thumb Code    50  stm32f4xx_can.o(.text)
    CAN_Init                                 0x080056a7   Thumb Code   276  stm32f4xx_can.o(.text)
    CAN_FilterInit                           0x080057bb   Thumb Code   258  stm32f4xx_can.o(.text)
    CAN_StructInit                           0x080058bd   Thumb Code    32  stm32f4xx_can.o(.text)
    CAN_SlaveStartBank                       0x080058dd   Thumb Code    48  stm32f4xx_can.o(.text)
    CAN_DBGFreeze                            0x0800590d   Thumb Code    22  stm32f4xx_can.o(.text)
    CAN_TTComModeCmd                         0x08005923   Thumb Code   118  stm32f4xx_can.o(.text)
    CAN_Transmit                             0x08005999   Thumb Code   304  stm32f4xx_can.o(.text)
    CAN_TransmitStatus                       0x08005ac9   Thumb Code   138  stm32f4xx_can.o(.text)
    CAN_CancelTransmit                       0x08005b53   Thumb Code    48  stm32f4xx_can.o(.text)
    CAN_Receive                              0x08005b83   Thumb Code   240  stm32f4xx_can.o(.text)
    CAN_FIFORelease                          0x08005c73   Thumb Code    22  stm32f4xx_can.o(.text)
    CAN_MessagePending                       0x08005c89   Thumb Code    30  stm32f4xx_can.o(.text)
    CAN_OperatingModeRequest                 0x08005ca7   Thumb Code   162  stm32f4xx_can.o(.text)
    CAN_Sleep                                0x08005d49   Thumb Code    30  stm32f4xx_can.o(.text)
    CAN_WakeUp                               0x08005d67   Thumb Code    48  stm32f4xx_can.o(.text)
    CAN_GetLastErrorCode                     0x08005d97   Thumb Code    12  stm32f4xx_can.o(.text)
    CAN_GetReceiveErrorCounter               0x08005da3   Thumb Code    10  stm32f4xx_can.o(.text)
    CAN_GetLSBTransmitErrorCounter           0x08005dad   Thumb Code    12  stm32f4xx_can.o(.text)
    CAN_ITConfig                             0x08005db9   Thumb Code    18  stm32f4xx_can.o(.text)
    CAN_GetFlagStatus                        0x08005dcb   Thumb Code   120  stm32f4xx_can.o(.text)
    CAN_ClearFlag                            0x08005e43   Thumb Code    52  stm32f4xx_can.o(.text)
    CAN_GetITStatus                          0x08005e89   Thumb Code   310  stm32f4xx_can.o(.text)
    CAN_ClearITPendingBit                    0x08005fbf   Thumb Code   162  stm32f4xx_can.o(.text)
    DMA_DeInit                               0x08006065   Thumb Code   324  stm32f4xx_dma.o(.text)
    DMA_Init                                 0x080061a9   Thumb Code    82  stm32f4xx_dma.o(.text)
    DMA_StructInit                           0x080061fb   Thumb Code    34  stm32f4xx_dma.o(.text)
    DMA_Cmd                                  0x0800621d   Thumb Code    22  stm32f4xx_dma.o(.text)
    DMA_PeriphIncOffsetSizeConfig            0x08006233   Thumb Code    22  stm32f4xx_dma.o(.text)
    DMA_FlowControllerConfig                 0x08006249   Thumb Code    22  stm32f4xx_dma.o(.text)
    DMA_SetCurrDataCounter                   0x0800625f   Thumb Code     4  stm32f4xx_dma.o(.text)
    DMA_GetCurrDataCounter                   0x08006263   Thumb Code     8  stm32f4xx_dma.o(.text)
    DMA_DoubleBufferModeConfig               0x0800626b   Thumb Code    24  stm32f4xx_dma.o(.text)
    DMA_DoubleBufferModeCmd                  0x08006283   Thumb Code    22  stm32f4xx_dma.o(.text)
    DMA_MemoryTargetConfig                   0x08006299   Thumb Code    10  stm32f4xx_dma.o(.text)
    DMA_GetCurrentMemoryTarget               0x080062a3   Thumb Code    20  stm32f4xx_dma.o(.text)
    DMA_GetCmdStatus                         0x080062b7   Thumb Code    20  stm32f4xx_dma.o(.text)
    DMA_GetFIFOStatus                        0x080062cb   Thumb Code    12  stm32f4xx_dma.o(.text)
    DMA_GetFlagStatus                        0x080062d7   Thumb Code    56  stm32f4xx_dma.o(.text)
    DMA_ClearFlag                            0x0800630f   Thumb Code    40  stm32f4xx_dma.o(.text)
    DMA_ITConfig                             0x08006337   Thumb Code    58  stm32f4xx_dma.o(.text)
    DMA_GetITStatus                          0x08006371   Thumb Code    84  stm32f4xx_dma.o(.text)
    DMA_ClearITPendingBit                    0x080063c5   Thumb Code    40  stm32f4xx_dma.o(.text)
    TIM_DeInit                               0x0800640d   Thumb Code   346  stm32f4xx_tim.o(.text)
    TIM_TimeBaseInit                         0x08006567   Thumb Code   104  stm32f4xx_tim.o(.text)
    TIM_TimeBaseStructInit                   0x080065cf   Thumb Code    18  stm32f4xx_tim.o(.text)
    TIM_PrescalerConfig                      0x080065e1   Thumb Code     6  stm32f4xx_tim.o(.text)
    TIM_CounterModeConfig                    0x080065e7   Thumb Code    18  stm32f4xx_tim.o(.text)
    TIM_SetCounter                           0x080065f9   Thumb Code     4  stm32f4xx_tim.o(.text)
    TIM_SetAutoreload                        0x080065fd   Thumb Code     4  stm32f4xx_tim.o(.text)
    TIM_GetCounter                           0x08006601   Thumb Code     6  stm32f4xx_tim.o(.text)
    TIM_GetPrescaler                         0x08006607   Thumb Code     6  stm32f4xx_tim.o(.text)
    TIM_UpdateDisableConfig                  0x0800660d   Thumb Code    24  stm32f4xx_tim.o(.text)
    TIM_UpdateRequestConfig                  0x08006625   Thumb Code    24  stm32f4xx_tim.o(.text)
    TIM_ARRPreloadConfig                     0x0800663d   Thumb Code    24  stm32f4xx_tim.o(.text)
    TIM_SelectOnePulseMode                   0x08006655   Thumb Code    18  stm32f4xx_tim.o(.text)
    TIM_SetClockDivision                     0x08006667   Thumb Code    18  stm32f4xx_tim.o(.text)
    TIM_Cmd                                  0x08006679   Thumb Code    24  stm32f4xx_tim.o(.text)
    TIM_OC1Init                              0x08006691   Thumb Code   114  stm32f4xx_tim.o(.text)
    TIM_OC2Init                              0x08006703   Thumb Code   154  stm32f4xx_tim.o(.text)
    TIM_OC3Init                              0x0800679d   Thumb Code   204  stm32f4xx_tim.o(.text)
    TIM_OC4Init                              0x08006869   Thumb Code   112  stm32f4xx_tim.o(.text)
    TIM_OCStructInit                         0x080068d9   Thumb Code    20  stm32f4xx_tim.o(.text)
    TIM_SelectOCxM                           0x080068ed   Thumb Code    86  stm32f4xx_tim.o(.text)
    TIM_SetCompare1                          0x08006943   Thumb Code     4  stm32f4xx_tim.o(.text)
    TIM_SetCompare2                          0x08006947   Thumb Code     4  stm32f4xx_tim.o(.text)
    TIM_SetCompare3                          0x0800694b   Thumb Code     4  stm32f4xx_tim.o(.text)
    TIM_SetCompare4                          0x0800694f   Thumb Code     4  stm32f4xx_tim.o(.text)
    TIM_ForcedOC1Config                      0x08006953   Thumb Code    18  stm32f4xx_tim.o(.text)
    TIM_ForcedOC2Config                      0x08006965   Thumb Code    26  stm32f4xx_tim.o(.text)
    TIM_ForcedOC3Config                      0x0800697f   Thumb Code    18  stm32f4xx_tim.o(.text)
    TIM_ForcedOC4Config                      0x08006991   Thumb Code    26  stm32f4xx_tim.o(.text)
    TIM_OC1PreloadConfig                     0x080069ab   Thumb Code    18  stm32f4xx_tim.o(.text)
    TIM_OC2PreloadConfig                     0x080069bd   Thumb Code    26  stm32f4xx_tim.o(.text)
    TIM_OC3PreloadConfig                     0x080069d7   Thumb Code    18  stm32f4xx_tim.o(.text)
    TIM_OC4PreloadConfig                     0x080069e9   Thumb Code    26  stm32f4xx_tim.o(.text)
    TIM_OC1FastConfig                        0x08006a03   Thumb Code    18  stm32f4xx_tim.o(.text)
    TIM_OC2FastConfig                        0x08006a15   Thumb Code    26  stm32f4xx_tim.o(.text)
    TIM_OC3FastConfig                        0x08006a2f   Thumb Code    18  stm32f4xx_tim.o(.text)
    TIM_OC4FastConfig                        0x08006a41   Thumb Code    26  stm32f4xx_tim.o(.text)
    TIM_ClearOC1Ref                          0x08006a5b   Thumb Code    18  stm32f4xx_tim.o(.text)
    TIM_ClearOC2Ref                          0x08006a6d   Thumb Code    24  stm32f4xx_tim.o(.text)
    TIM_ClearOC3Ref                          0x08006a85   Thumb Code    18  stm32f4xx_tim.o(.text)
    TIM_ClearOC4Ref                          0x08006a97   Thumb Code    24  stm32f4xx_tim.o(.text)
    TIM_OC1PolarityConfig                    0x08006aaf   Thumb Code    18  stm32f4xx_tim.o(.text)
    TIM_OC1NPolarityConfig                   0x08006ac1   Thumb Code    18  stm32f4xx_tim.o(.text)
    TIM_OC2PolarityConfig                    0x08006ad3   Thumb Code    26  stm32f4xx_tim.o(.text)
    TIM_OC2NPolarityConfig                   0x08006aed   Thumb Code    26  stm32f4xx_tim.o(.text)
    TIM_OC3PolarityConfig                    0x08006b07   Thumb Code    26  stm32f4xx_tim.o(.text)
    TIM_OC3NPolarityConfig                   0x08006b21   Thumb Code    26  stm32f4xx_tim.o(.text)
    TIM_OC4PolarityConfig                    0x08006b3b   Thumb Code    26  stm32f4xx_tim.o(.text)
    TIM_CCxCmd                               0x08006b55   Thumb Code    30  stm32f4xx_tim.o(.text)
    TIM_CCxNCmd                              0x08006b73   Thumb Code    30  stm32f4xx_tim.o(.text)
    TIM_SetIC4Prescaler                      0x08006b91   Thumb Code    26  stm32f4xx_tim.o(.text)
    TIM_SetIC3Prescaler                      0x08006bfb   Thumb Code    18  stm32f4xx_tim.o(.text)
    TIM_SetIC2Prescaler                      0x08006c55   Thumb Code    26  stm32f4xx_tim.o(.text)
    TIM_SetIC1Prescaler                      0x08006cc9   Thumb Code    18  stm32f4xx_tim.o(.text)
    TIM_ICInit                               0x08006d15   Thumb Code   110  stm32f4xx_tim.o(.text)
    TIM_ICStructInit                         0x08006d83   Thumb Code    18  stm32f4xx_tim.o(.text)
    TIM_PWMIConfig                           0x08006d95   Thumb Code   124  stm32f4xx_tim.o(.text)
    TIM_GetCapture1                          0x08006e11   Thumb Code     6  stm32f4xx_tim.o(.text)
    TIM_GetCapture2                          0x08006e17   Thumb Code     6  stm32f4xx_tim.o(.text)
    TIM_GetCapture3                          0x08006e1d   Thumb Code     6  stm32f4xx_tim.o(.text)
    TIM_GetCapture4                          0x08006e23   Thumb Code     6  stm32f4xx_tim.o(.text)
    TIM_BDTRConfig                           0x08006e29   Thumb Code    32  stm32f4xx_tim.o(.text)
    TIM_BDTRStructInit                       0x08006e49   Thumb Code    18  stm32f4xx_tim.o(.text)
    TIM_CtrlPWMOutputs                       0x08006e5b   Thumb Code    30  stm32f4xx_tim.o(.text)
    TIM_SelectCOM                            0x08006e79   Thumb Code    24  stm32f4xx_tim.o(.text)
    TIM_CCPreloadControl                     0x08006e91   Thumb Code    24  stm32f4xx_tim.o(.text)
    TIM_ITConfig                             0x08006ea9   Thumb Code    18  stm32f4xx_tim.o(.text)
    TIM_GenerateEvent                        0x08006ebb   Thumb Code     4  stm32f4xx_tim.o(.text)
    TIM_GetFlagStatus                        0x08006ebf   Thumb Code    18  stm32f4xx_tim.o(.text)
    TIM_ClearFlag                            0x08006ed1   Thumb Code     6  stm32f4xx_tim.o(.text)
    TIM_GetITStatus                          0x08006ed7   Thumb Code    34  stm32f4xx_tim.o(.text)
    TIM_ClearITPendingBit                    0x08006ef9   Thumb Code     6  stm32f4xx_tim.o(.text)
    TIM_DMAConfig                            0x08006eff   Thumb Code    10  stm32f4xx_tim.o(.text)
    TIM_DMACmd                               0x08006f09   Thumb Code    18  stm32f4xx_tim.o(.text)
    TIM_SelectCCDMA                          0x08006f1b   Thumb Code    24  stm32f4xx_tim.o(.text)
    TIM_InternalClockConfig                  0x08006f33   Thumb Code    12  stm32f4xx_tim.o(.text)
    TIM_SelectInputTrigger                   0x08006f3f   Thumb Code    18  stm32f4xx_tim.o(.text)
    TIM_ITRxExternalClockConfig              0x08006f51   Thumb Code    24  stm32f4xx_tim.o(.text)
    TIM_TIxExternalClockConfig               0x08006f69   Thumb Code    62  stm32f4xx_tim.o(.text)
    TIM_ETRConfig                            0x08006fa7   Thumb Code    28  stm32f4xx_tim.o(.text)
    TIM_ETRClockMode1Config                  0x08006fc3   Thumb Code    54  stm32f4xx_tim.o(.text)
    TIM_ETRClockMode2Config                  0x08006ff9   Thumb Code    32  stm32f4xx_tim.o(.text)
    TIM_SelectOutputTrigger                  0x08007019   Thumb Code    18  stm32f4xx_tim.o(.text)
    TIM_SelectSlaveMode                      0x0800702b   Thumb Code    18  stm32f4xx_tim.o(.text)
    TIM_SelectMasterSlaveMode                0x0800703d   Thumb Code    18  stm32f4xx_tim.o(.text)
    TIM_EncoderInterfaceConfig               0x0800704f   Thumb Code    66  stm32f4xx_tim.o(.text)
    TIM_SelectHallSensor                     0x08007091   Thumb Code    24  stm32f4xx_tim.o(.text)
    TIM_RemapConfig                          0x080070a9   Thumb Code     6  stm32f4xx_tim.o(.text)
    SPI_I2S_DeInit                           0x080070b1   Thumb Code   152  stm32f4xx_spi.o(.text)
    SPI_Init                                 0x08007149   Thumb Code    60  stm32f4xx_spi.o(.text)
    I2S_Init                                 0x08007185   Thumb Code   396  stm32f4xx_spi.o(.text)
    SPI_StructInit                           0x08007311   Thumb Code    24  stm32f4xx_spi.o(.text)
    I2S_StructInit                           0x08007329   Thumb Code    20  stm32f4xx_spi.o(.text)
    SPI_Cmd                                  0x0800733d   Thumb Code    24  stm32f4xx_spi.o(.text)
    I2S_Cmd                                  0x08007355   Thumb Code    24  stm32f4xx_spi.o(.text)
    SPI_DataSizeConfig                       0x0800736d   Thumb Code    18  stm32f4xx_spi.o(.text)
    SPI_BiDirectionalLineConfig              0x0800737f   Thumb Code    28  stm32f4xx_spi.o(.text)
    SPI_NSSInternalSoftwareConfig            0x0800739b   Thumb Code    30  stm32f4xx_spi.o(.text)
    SPI_SSOutputCmd                          0x080073b9   Thumb Code    24  stm32f4xx_spi.o(.text)
    SPI_TIModeCmd                            0x080073d1   Thumb Code    14  stm32f4xx_spi.o(.text)
    I2S_FullDuplexConfig                     0x080073df   Thumb Code    80  stm32f4xx_spi.o(.text)
    SPI_I2S_ReceiveData                      0x0800742f   Thumb Code     6  stm32f4xx_spi.o(.text)
    SPI_I2S_SendData                         0x08007435   Thumb Code     4  stm32f4xx_spi.o(.text)
    SPI_I2S_GetFlagStatus                    0x08007439   Thumb Code    18  stm32f4xx_spi.o(.text)
    SPI_TransmitReceive                      0x0800744b   Thumb Code   156  stm32f4xx_spi.o(.text)
    SPI_CalculateCRC                         0x080074e7   Thumb Code    24  stm32f4xx_spi.o(.text)
    SPI_TransmitCRC                          0x080074ff   Thumb Code    10  stm32f4xx_spi.o(.text)
    SPI_GetCRC                               0x08007509   Thumb Code    16  stm32f4xx_spi.o(.text)
    SPI_GetCRCPolynomial                     0x08007519   Thumb Code     6  stm32f4xx_spi.o(.text)
    SPI_I2S_DMACmd                           0x0800751f   Thumb Code    18  stm32f4xx_spi.o(.text)
    SPI_I2S_ITConfig                         0x08007531   Thumb Code    32  stm32f4xx_spi.o(.text)
    SPI_I2S_ClearFlag                        0x08007551   Thumb Code     6  stm32f4xx_spi.o(.text)
    SPI_I2S_GetITStatus                      0x08007557   Thumb Code    52  stm32f4xx_spi.o(.text)
    SPI_I2S_ClearITPendingBit                0x0800758b   Thumb Code    20  stm32f4xx_spi.o(.text)
    FLASH_SetLatency                         0x080075a1   Thumb Code     6  stm32f4xx_flash.o(.text)
    FLASH_PrefetchBufferCmd                  0x080075a7   Thumb Code    30  stm32f4xx_flash.o(.text)
    FLASH_InstructionCacheCmd                0x080075c5   Thumb Code    30  stm32f4xx_flash.o(.text)
    FLASH_DataCacheCmd                       0x080075e3   Thumb Code    30  stm32f4xx_flash.o(.text)
    FLASH_InstructionCacheReset              0x08007601   Thumb Code    14  stm32f4xx_flash.o(.text)
    FLASH_DataCacheReset                     0x0800760f   Thumb Code    14  stm32f4xx_flash.o(.text)
    FLASH_Unlock                             0x0800761d   Thumb Code    26  stm32f4xx_flash.o(.text)
    FLASH_Lock                               0x08007637   Thumb Code    18  stm32f4xx_flash.o(.text)
    FLASH_GetStatus                          0x08007649   Thumb Code    90  stm32f4xx_flash.o(.text)
    FLASH_WaitForLastOperation               0x080076a3   Thumb Code    34  stm32f4xx_flash.o(.text)
    FLASH_EraseSector                        0x080076c5   Thumb Code   140  stm32f4xx_flash.o(.text)
    FLASH_EraseAllSectors                    0x08007751   Thumb Code   118  stm32f4xx_flash.o(.text)
    FLASH_EraseAllBank1Sectors               0x080077c7   Thumb Code   112  stm32f4xx_flash.o(.text)
    FLASH_EraseAllBank2Sectors               0x08007837   Thumb Code   112  stm32f4xx_flash.o(.text)
    FLASH_ProgramDoubleWord                  0x080078a7   Thumb Code    86  stm32f4xx_flash.o(.text)
    FLASH_ProgramWord                        0x080078fd   Thumb Code    82  stm32f4xx_flash.o(.text)
    FLASH_ProgramHalfWord                    0x0800794f   Thumb Code    96  stm32f4xx_flash.o(.text)
    FLASH_ProgramByte                        0x080079af   Thumb Code    70  stm32f4xx_flash.o(.text)
    FLASH_OB_Unlock                          0x080079f5   Thumb Code    26  stm32f4xx_flash.o(.text)
    FLASH_OB_Lock                            0x08007a0f   Thumb Code    18  stm32f4xx_flash.o(.text)
    FLASH_OB_WRPConfig                       0x08007a21   Thumb Code    54  stm32f4xx_flash.o(.text)
    FLASH_OB_WRP1Config                      0x08007a57   Thumb Code    54  stm32f4xx_flash.o(.text)
    FLASH_OB_PCROPSelectionConfig            0x08007a8d   Thumb Code    24  stm32f4xx_flash.o(.text)
    FLASH_OB_PCROPConfig                     0x08007aa5   Thumb Code    54  stm32f4xx_flash.o(.text)
    FLASH_OB_PCROP1Config                    0x08007adb   Thumb Code    54  stm32f4xx_flash.o(.text)
    FLASH_OB_RDPConfig                       0x08007b11   Thumb Code    24  stm32f4xx_flash.o(.text)
    FLASH_OB_UserConfig                      0x08007b29   Thumb Code    46  stm32f4xx_flash.o(.text)
    FLASH_OB_BootConfig                      0x08007b57   Thumb Code    26  stm32f4xx_flash.o(.text)
    FLASH_OB_BORConfig                       0x08007b71   Thumb Code    26  stm32f4xx_flash.o(.text)
    FLASH_OB_Launch                          0x08007b8b   Thumb Code    30  stm32f4xx_flash.o(.text)
    FLASH_OB_GetUser                         0x08007ba9   Thumb Code    12  stm32f4xx_flash.o(.text)
    FLASH_OB_GetWRP                          0x08007bb5   Thumb Code     8  stm32f4xx_flash.o(.text)
    FLASH_OB_GetWRP1                         0x08007bbd   Thumb Code     8  stm32f4xx_flash.o(.text)
    FLASH_OB_GetPCROP                        0x08007bc5   Thumb Code     8  stm32f4xx_flash.o(.text)
    FLASH_OB_GetPCROP1                       0x08007bcd   Thumb Code     8  stm32f4xx_flash.o(.text)
    FLASH_OB_GetRDP                          0x08007bd5   Thumb Code    20  stm32f4xx_flash.o(.text)
    FLASH_OB_GetBOR                          0x08007be9   Thumb Code    12  stm32f4xx_flash.o(.text)
    FLASH_ITConfig                           0x08007bf5   Thumb Code    26  stm32f4xx_flash.o(.text)
    FLASH_GetFlagStatus                      0x08007c0f   Thumb Code    22  stm32f4xx_flash.o(.text)
    FLASH_ClearFlag                          0x08007c25   Thumb Code     8  stm32f4xx_flash.o(.text)
    EXTI_DeInit                              0x08007c39   Thumb Code    28  stm32f4xx_exti.o(.text)
    EXTI_Init                                0x08007c55   Thumb Code   142  stm32f4xx_exti.o(.text)
    EXTI_StructInit                          0x08007ce3   Thumb Code    16  stm32f4xx_exti.o(.text)
    EXTI_GenerateSWInterrupt                 0x08007cf3   Thumb Code    16  stm32f4xx_exti.o(.text)
    EXTI_GetFlagStatus                       0x08007d03   Thumb Code    22  stm32f4xx_exti.o(.text)
    EXTI_ClearFlag                           0x08007d19   Thumb Code     8  stm32f4xx_exti.o(.text)
    EXTI_GetITStatus                         0x08007d21   Thumb Code    22  stm32f4xx_exti.o(.text)
    EXTI_ClearITPendingBit                   0x08007d37   Thumb Code     8  stm32f4xx_exti.o(.text)
    pvPortMalloc                             0x08007e0b   Thumb Code   296  heap_4.o(.text)
    vPortFree                                0x08007f33   Thumb Code   140  heap_4.o(.text)
    xPortGetFreeHeapSize                     0x08007fbf   Thumb Code     6  heap_4.o(.text)
    xPortGetMinimumEverFreeHeapSize          0x08007fc5   Thumb Code     6  heap_4.o(.text)
    vPortInitialiseBlocks                    0x08007fcb   Thumb Code     2  heap_4.o(.text)
    pxPortInitialiseStack                    0x08008021   Thumb Code    38  port.o(.text)
    vPortSetupTimerInterrupt                 0x08008047   Thumb Code    36  port.o(.text)
    xPortStartScheduler                      0x0800806b   Thumb Code   330  port.o(.text)
    vPortEndScheduler                        0x080081b5   Thumb Code    42  port.o(.text)
    vPortEnterCritical                       0x080081df   Thumb Code    78  port.o(.text)
    vPortExitCritical                        0x0800822d   Thumb Code    56  port.o(.text)
    xPortSysTickHandler                      0x08008265   Thumb Code    48  port.o(.text)
    vPortValidateInterruptPriority           0x08008295   Thumb Code   108  port.o(.text)
    xEventGroupCreate                        0x08008325   Thumb Code    26  event_groups.o(.text)
    xEventGroupSetBits                       0x0800833f   Thumb Code   206  event_groups.o(.text)
    xEventGroupSync                          0x0800840d   Thumb Code   268  event_groups.o(.text)
    xEventGroupWaitBits                      0x08008537   Thumb Code   338  event_groups.o(.text)
    xEventGroupClearBits                     0x08008689   Thumb Code    92  event_groups.o(.text)
    xEventGroupGetBitsFromISR                0x080086e5   Thumb Code    44  event_groups.o(.text)
    vEventGroupDelete                        0x08008711   Thumb Code    82  event_groups.o(.text)
    vEventGroupSetBitsCallback               0x08008763   Thumb Code    16  event_groups.o(.text)
    vEventGroupClearBitsCallback             0x08008773   Thumb Code    16  event_groups.o(.text)
    uxEventGroupGetNumber                    0x08008783   Thumb Code    14  event_groups.o(.text)
    vEventGroupSetNumber                     0x08008791   Thumb Code     4  event_groups.o(.text)
    vListInitialise                          0x08008799   Thumb Code    26  list.o(.text)
    vListInitialiseItem                      0x080087b3   Thumb Code     6  list.o(.text)
    vListInsertEnd                           0x080087b9   Thumb Code    24  list.o(.text)
    vListInsert                              0x080087d1   Thumb Code    52  list.o(.text)
    uxListRemove                             0x08008805   Thumb Code    40  list.o(.text)
    xQueueGenericReset                       0x0800882d   Thumb Code   146  queue.o(.text)
    xQueueGenericCreate                      0x080088e9   Thumb Code    90  queue.o(.text)
    xQueueGenericSend                        0x08008a5d   Thumb Code   420  queue.o(.text)
    xQueueCreateMutex                        0x08008c1f   Thumb Code    34  queue.o(.text)
    xQueueGiveMutexRecursive                 0x08008c41   Thumb Code    78  queue.o(.text)
    xQueueSemaphoreTake                      0x08008cbd   Thumb Code   434  queue.o(.text)
    xQueueTakeMutexRecursive                 0x08008e6f   Thumb Code    78  queue.o(.text)
    xQueueCreateCountingSemaphore            0x08008ebd   Thumb Code    92  queue.o(.text)
    xQueueGenericSendFromISR                 0x08008f19   Thumb Code   248  queue.o(.text)
    xQueueGiveFromISR                        0x08009011   Thumb Code   224  queue.o(.text)
    xQueueReceive                            0x0800911b   Thumb Code   362  queue.o(.text)
    xQueuePeek                               0x08009285   Thumb Code   362  queue.o(.text)
    xQueueReceiveFromISR                     0x080093ef   Thumb Code   202  queue.o(.text)
    xQueuePeekFromISR                        0x080094b9   Thumb Code   176  queue.o(.text)
    uxQueueMessagesWaiting                   0x08009569   Thumb Code    42  queue.o(.text)
    uxQueueSpacesAvailable                   0x08009593   Thumb Code    52  queue.o(.text)
    uxQueueMessagesWaitingFromISR            0x080095c7   Thumb Code    34  queue.o(.text)
    vQueueUnregisterQueue                    0x080095e9   Thumb Code    44  queue.o(.text)
    vQueueDelete                             0x08009615   Thumb Code    44  queue.o(.text)
    uxQueueGetQueueNumber                    0x08009641   Thumb Code     6  queue.o(.text)
    vQueueSetQueueNumber                     0x08009647   Thumb Code     4  queue.o(.text)
    ucQueueGetQueueType                      0x0800964b   Thumb Code     8  queue.o(.text)
    xQueueIsQueueEmptyFromISR                0x08009653   Thumb Code    42  queue.o(.text)
    xQueueIsQueueFullFromISR                 0x0800967d   Thumb Code    46  queue.o(.text)
    vQueueAddToRegistry                      0x080096ab   Thumb Code    38  queue.o(.text)
    pcQueueGetName                           0x080096d1   Thumb Code    38  queue.o(.text)
    vQueueWaitForMessageRestricted           0x080096f7   Thumb Code    74  queue.o(.text)
    xTaskCreate                              0x080098f5   Thumb Code    96  tasks.o(.text)
    vTaskDelete                              0x08009991   Thumb Code   202  tasks.o(.text)
    xTaskIncrementTick                       0x08009a5b   Thumb Code   360  tasks.o(.text)
    xTaskResumeAll                           0x08009bc3   Thumb Code   224  tasks.o(.text)
    vTaskSuspendAll                          0x08009d1f   Thumb Code    12  tasks.o(.text)
    vTaskDelayUntil                          0x08009d2b   Thumb Code   200  tasks.o(.text)
    vTaskDelay                               0x08009df3   Thumb Code    82  tasks.o(.text)
    eTaskGetState                            0x08009e45   Thumb Code   128  tasks.o(.text)
    uxTaskPriorityGet                        0x08009ec5   Thumb Code    30  tasks.o(.text)
    uxTaskPriorityGetFromISR                 0x08009ee3   Thumb Code    62  tasks.o(.text)
    vTaskPrioritySet                         0x08009f21   Thumb Code   324  tasks.o(.text)
    vTaskSwitchContext                       0x0800a065   Thumb Code   170  tasks.o(.text)
    vTaskSuspend                             0x0800a10f   Thumb Code   210  tasks.o(.text)
    vTaskResume                              0x0800a231   Thumb Code   128  tasks.o(.text)
    xTaskResumeFromISR                       0x0800a2b1   Thumb Code   158  tasks.o(.text)
    vTaskStartScheduler                      0x0800a3e9   Thumb Code   122  tasks.o(.text)
    vTaskEndScheduler                        0x0800a463   Thumb Code    32  tasks.o(.text)
    xTaskGetTickCount                        0x0800a483   Thumb Code     6  tasks.o(.text)
    xTaskGetTickCountFromISR                 0x0800a489   Thumb Code    16  tasks.o(.text)
    uxTaskGetNumberOfTasks                   0x0800a499   Thumb Code     6  tasks.o(.text)
    pcTaskGetName                            0x0800a49f   Thumb Code    44  tasks.o(.text)
    vTaskGetInfo                             0x0800a4e1   Thumb Code   126  tasks.o(.text)
    uxTaskGetSystemState                     0x0800a5c9   Thumb Code   154  tasks.o(.text)
    vTaskPlaceOnEventList                    0x0800a663   Thumb Code    52  tasks.o(.text)
    vTaskPlaceOnUnorderedEventList           0x0800a697   Thumb Code   100  tasks.o(.text)
    vTaskPlaceOnEventListRestricted          0x0800a6fb   Thumb Code    60  tasks.o(.text)
    xTaskRemoveFromEventList                 0x0800a737   Thumb Code   128  tasks.o(.text)
    vTaskRemoveFromUnorderedEventList        0x0800a7b7   Thumb Code   220  tasks.o(.text)
    vTaskSetTimeOutState                     0x0800a893   Thumb Code    50  tasks.o(.text)
    vTaskInternalSetTimeOutState             0x0800a8c5   Thumb Code    14  tasks.o(.text)
    xTaskCheckForTimeOut                     0x0800a8d3   Thumb Code   132  tasks.o(.text)
    vTaskMissedYield                         0x0800a957   Thumb Code     8  tasks.o(.text)
    uxTaskGetTaskNumber                      0x0800a95f   Thumb Code    14  tasks.o(.text)
    vTaskSetTaskNumber                       0x0800a96d   Thumb Code     8  tasks.o(.text)
    xTaskGetCurrentTaskHandle                0x0800a975   Thumb Code     6  tasks.o(.text)
    xTaskGetSchedulerState                   0x0800a97b   Thumb Code    24  tasks.o(.text)
    xTaskPriorityInherit                     0x0800a993   Thumb Code   186  tasks.o(.text)
    xTaskPriorityDisinherit                  0x0800aa4d   Thumb Code   188  tasks.o(.text)
    vTaskPriorityDisinheritAfterTimeout      0x0800ab09   Thumb Code   230  tasks.o(.text)
    vTaskList                                0x0800ac19   Thumb Code   238  tasks.o(.text)
    vTaskGetRunTimeStats                     0x0800ad07   Thumb Code   168  tasks.o(.text)
    uxTaskResetEventItemValue                0x0800adaf   Thumb Code    24  tasks.o(.text)
    pvTaskIncrementMutexHeldCount            0x0800adc7   Thumb Code    26  tasks.o(.text)
    ulTaskNotifyTake                         0x0800ade1   Thumb Code   108  tasks.o(.text)
    xTaskNotifyWait                          0x0800ae4d   Thumb Code   150  tasks.o(.text)
    xTaskGenericNotify                       0x0800aee3   Thumb Code   280  tasks.o(.text)
    xTaskGenericNotifyFromISR                0x0800affb   Thumb Code   396  tasks.o(.text)
    vTaskNotifyGiveFromISR                   0x0800b187   Thumb Code   214  tasks.o(.text)
    xTaskNotifyStateClear                    0x0800b25d   Thumb Code    48  tasks.o(.text)
    xTimerGenericCommand                     0x0800b2f5   Thumb Code   126  timers.o(.text)
    xTimerCreateTimerTask                    0x0800b66b   Thumb Code   118  timers.o(.text)
    xTimerCreate                             0x0800b72f   Thumb Code    48  timers.o(.text)
    xTimerGetTimerDaemonTaskHandle           0x0800b75f   Thumb Code    42  timers.o(.text)
    xTimerGetPeriod                          0x0800b789   Thumb Code    32  timers.o(.text)
    xTimerGetExpiryTime                      0x0800b7a9   Thumb Code    34  timers.o(.text)
    pcTimerGetName                           0x0800b7cb   Thumb Code    32  timers.o(.text)
    xTimerIsTimerActive                      0x0800b7eb   Thumb Code    62  timers.o(.text)
    pvTimerGetTimerID                        0x0800b829   Thumb Code    44  timers.o(.text)
    vTimerSetTimerID                         0x0800b855   Thumb Code    44  timers.o(.text)
    uxTimerGetTimerNumber                    0x0800b881   Thumb Code     6  timers.o(.text)
    vTimerSetTimerNumber                     0x0800b887   Thumb Code     4  timers.o(.text)
    __use_no_semihosting                     0x0800b891   Thumb Code     2  use_no_semi_2.o(.text)
    __2printf                                0x0800b895   Thumb Code    20  noretval__2printf.o(.text)
    __2sprintf                               0x0800b8ad   Thumb Code    34  noretval__2sprintf.o(.text)
    __printf                                 0x0800b8d5   Thumb Code   104  __printf.o(.text)
    _printf_str                              0x0800b93d   Thumb Code    82  _printf_str.o(.text)
    _printf_int_dec                          0x0800b991   Thumb Code   104  _printf_dec.o(.text)
    strcpy                                   0x0800ba09   Thumb Code    72  strcpy.o(.text)
    strlen                                   0x0800ba51   Thumb Code    62  strlen.o(.text)
    __aeabi_memcpy                           0x0800ba8f   Thumb Code     0  rt_memcpy_v6.o(.text)
    __rt_memcpy                              0x0800ba8f   Thumb Code   138  rt_memcpy_v6.o(.text)
    _memcpy_lastbytes                        0x0800baf5   Thumb Code     0  rt_memcpy_v6.o(.text)
    __aeabi_memcpy4                          0x0800bb19   Thumb Code     0  rt_memcpy_w.o(.text)
    __aeabi_memcpy8                          0x0800bb19   Thumb Code     0  rt_memcpy_w.o(.text)
    __rt_memcpy_w                            0x0800bb19   Thumb Code   100  rt_memcpy_w.o(.text)
    _memcpy_lastbytes_aligned                0x0800bb61   Thumb Code     0  rt_memcpy_w.o(.text)
    __aeabi_memset                           0x0800bb7d   Thumb Code    16  aeabi_memset.o(.text)
    __aeabi_memclr4                          0x0800bb8d   Thumb Code     0  rt_memclr_w.o(.text)
    __aeabi_memclr8                          0x0800bb8d   Thumb Code     0  rt_memclr_w.o(.text)
    __rt_memclr_w                            0x0800bb8d   Thumb Code    78  rt_memclr_w.o(.text)
    _memset_w                                0x0800bb91   Thumb Code     0  rt_memclr_w.o(.text)
    __use_two_region_memory                  0x0800bbdb   Thumb Code     2  heapauxi.o(.text)
    __rt_heap_escrow$2region                 0x0800bbdd   Thumb Code     2  heapauxi.o(.text)
    __rt_heap_expand$2region                 0x0800bbdf   Thumb Code     2  heapauxi.o(.text)
    __I$use$semihosting                      0x0800bbe1   Thumb Code     0  use_no_semi.o(.text)
    __use_no_semihosting_swi                 0x0800bbe1   Thumb Code     2  use_no_semi.o(.text)
    __read_errno                             0x0800bbe3   Thumb Code    10  _rserrno.o(.text)
    __set_errno                              0x0800bbed   Thumb Code    12  _rserrno.o(.text)
    _printf_int_common                       0x0800bbf9   Thumb Code   178  _printf_intcommon.o(.text)
    _printf_char_common                      0x0800bcb7   Thumb Code    32  _printf_char_common.o(.text)
    _sputc                                   0x0800bcdd   Thumb Code    10  _sputc.o(.text)
    _printf_cs_common                        0x0800bce7   Thumb Code    20  _printf_char.o(.text)
    _printf_char                             0x0800bcfb   Thumb Code    16  _printf_char.o(.text)
    _printf_string                           0x0800bd0b   Thumb Code     8  _printf_char.o(.text)
    _printf_char_file                        0x0800bd15   Thumb Code    32  _printf_char_file.o(.text)
    __aeabi_memclr                           0x0800bd39   Thumb Code     0  rt_memclr.o(.text)
    __rt_memclr                              0x0800bd39   Thumb Code    68  rt_memclr.o(.text)
    _memset                                  0x0800bd3d   Thumb Code     0  rt_memclr.o(.text)
    __aeabi_errno_addr                       0x0800bd7d   Thumb Code     8  rt_errno_addr_intlibspace.o(.text)
    __errno$intlibspace                      0x0800bd7d   Thumb Code     0  rt_errno_addr_intlibspace.o(.text)
    __rt_errno_addr$intlibspace              0x0800bd7d   Thumb Code     0  rt_errno_addr_intlibspace.o(.text)
    ferror                                   0x0800bd85   Thumb Code     8  ferror.o(.text)
    __user_libspace                          0x0800bd8d   Thumb Code     8  libspace.o(.text)
    __user_perproc_libspace                  0x0800bd8d   Thumb Code     0  libspace.o(.text)
    __user_perthread_libspace                0x0800bd8d   Thumb Code     0  libspace.o(.text)
    __user_setup_stackheap                   0x0800bd95   Thumb Code    74  sys_stackheap_outer.o(.text)
    exit                                     0x0800bddf   Thumb Code    12  exit.o(.text)
    __ARM_fpclassify                         0x0800bdeb   Thumb Code    48  fpclassify.o(i.__ARM_fpclassify)
    __hardfp_asin                            0x0800be21   Thumb Code   770  asin.o(i.__hardfp_asin)
    __hardfp_atan                            0x0800c181   Thumb Code   622  atan.o(i.__hardfp_atan)
    __hardfp_atan2                           0x0800c459   Thumb Code   432  atan2.o(i.__hardfp_atan2)
    __hardfp_fabs                            0x0800c649   Thumb Code    20  fabs.o(i.__hardfp_fabs)
    __hardfp_sqrt                            0x0800c65d   Thumb Code   122  sqrt.o(i.__hardfp_sqrt)
    __kernel_poly                            0x0800c6d7   Thumb Code   248  poly.o(i.__kernel_poly)
    __mathlib_dbl_infnan                     0x0800c7cf   Thumb Code    20  dunder.o(i.__mathlib_dbl_infnan)
    __mathlib_dbl_infnan2                    0x0800c7e3   Thumb Code    20  dunder.o(i.__mathlib_dbl_infnan2)
    __mathlib_dbl_invalid                    0x0800c7f9   Thumb Code    24  dunder.o(i.__mathlib_dbl_invalid)
    __mathlib_dbl_underflow                  0x0800c819   Thumb Code    24  dunder.o(i.__mathlib_dbl_underflow)
    atan                                     0x0800c839   Thumb Code    16  atan.o(i.atan)
    fabs                                     0x0800c849   Thumb Code    24  fabs.o(i.fabs)
    sqrt                                     0x0800c861   Thumb Code   110  sqrt.o(i.sqrt)
    __aeabi_dneg                             0x0800c8cf   Thumb Code     0  basic.o(x$fpl$basic)
    _dneg                                    0x0800c8cf   Thumb Code     6  basic.o(x$fpl$basic)
    __aeabi_fneg                             0x0800c8d5   Thumb Code     0  basic.o(x$fpl$basic)
    _fneg                                    0x0800c8d5   Thumb Code     6  basic.o(x$fpl$basic)
    _dabs                                    0x0800c8db   Thumb Code     6  basic.o(x$fpl$basic)
    _fabs                                    0x0800c8e1   Thumb Code     6  basic.o(x$fpl$basic)
    __aeabi_d2f                              0x0800c8e9   Thumb Code     0  d2f.o(x$fpl$d2f)
    _d2f                                     0x0800c8e9   Thumb Code    98  d2f.o(x$fpl$d2f)
    __aeabi_dadd                             0x0800c94d   Thumb Code     0  daddsub_clz.o(x$fpl$dadd)
    _dadd                                    0x0800c94d   Thumb Code   332  daddsub_clz.o(x$fpl$dadd)
    __fpl_dcmp_Inf                           0x0800ca9d   Thumb Code    24  dcmpi.o(x$fpl$dcmpinf)
    __aeabi_ddiv                             0x0800cab5   Thumb Code     0  ddiv.o(x$fpl$ddiv)
    _ddiv                                    0x0800cab5   Thumb Code   552  ddiv.o(x$fpl$ddiv)
    __aeabi_i2d                              0x0800cd65   Thumb Code     0  dflt_clz.o(x$fpl$dflt)
    _dflt                                    0x0800cd65   Thumb Code    46  dflt_clz.o(x$fpl$dflt)
    __aeabi_cdcmple                          0x0800cd95   Thumb Code     0  dleqf.o(x$fpl$dleqf)
    _dcmple                                  0x0800cd95   Thumb Code   120  dleqf.o(x$fpl$dleqf)
    __fpl_dcmple_InfNaN                      0x0800cdf7   Thumb Code     0  dleqf.o(x$fpl$dleqf)
    __aeabi_dmul                             0x0800ce0d   Thumb Code     0  dmul.o(x$fpl$dmul)
    _dmul                                    0x0800ce0d   Thumb Code   332  dmul.o(x$fpl$dmul)
    __fpl_dnaninf                            0x0800cf61   Thumb Code   156  dnaninf.o(x$fpl$dnaninf)
    __fpl_dretinf                            0x0800cffd   Thumb Code    12  dretinf.o(x$fpl$dretinf)
    __aeabi_cdrcmple                         0x0800d009   Thumb Code     0  drleqf.o(x$fpl$drleqf)
    _drcmple                                 0x0800d009   Thumb Code   108  drleqf.o(x$fpl$drleqf)
    __aeabi_drsub                            0x0800d075   Thumb Code     0  daddsub_clz.o(x$fpl$drsb)
    _drsb                                    0x0800d075   Thumb Code    22  daddsub_clz.o(x$fpl$drsb)
    _dsqrt                                   0x0800d08d   Thumb Code   404  dsqrt_umaal.o(x$fpl$dsqrt)
    __aeabi_dsub                             0x0800d225   Thumb Code     0  daddsub_clz.o(x$fpl$dsub)
    _dsub                                    0x0800d225   Thumb Code   464  daddsub_clz.o(x$fpl$dsub)
    __aeabi_f2d                              0x0800d3f9   Thumb Code     0  f2d.o(x$fpl$f2d)
    _f2d                                     0x0800d3f9   Thumb Code    86  f2d.o(x$fpl$f2d)
    __fpl_fnaninf                            0x0800d44f   Thumb Code   140  fnaninf.o(x$fpl$fnaninf)
    _fp_init                                 0x0800d4db   Thumb Code    10  fpinit.o(x$fpl$fpinit)
    __fplib_config_fpu_vfp                   0x0800d4e3   Thumb Code     0  fpinit.o(x$fpl$fpinit)
    __fplib_config_pureend_doubles           0x0800d4e3   Thumb Code     0  fpinit.o(x$fpl$fpinit)
    __fpl_fretinf                            0x0800d4e5   Thumb Code    10  fretinf.o(x$fpl$fretinf)
    CRC8_INIT                                0x0800d4ee   Data           1  referee.o(.constdata)
    __I$use$fp                               0x0800d4ee   Number         0  usenofp.o(x$fpl$usenofp)
    CRC8_TAB                                 0x0800d4ef   Data         256  referee.o(.constdata)
    __mathlib_zero                           0x0800d6f0   Data           8  qnan.o(.constdata)
    Region$$Table$$Base                      0x0800d6f8   Number         0  anon$$obj.o(Region$$Table)
    Region$$Table$$Limit                     0x0800d718   Number         0  anon$$obj.o(Region$$Table)
    i                                        0x20000000   Data           1  stm32f4xx_it.o(.data)
    j                                        0x20000001   Data           1  stm32f4xx_it.o(.data)
    P_Key_ide1                               0x20000004   Data          32  stm32f4xx_it.o(.data)
    SystemCoreClock                          0x20000024   Data           4  system_stm32f4xx.o(.data)
    AHBPrescTable                            0x20000028   Data          16  system_stm32f4xx.o(.data)
    FreeRTOSRunTimeTicks                     0x20000038   Data           4  basicperipherals.o(.data)
    Usart1_RX_Cou                            0x2000003c   Data           2  referee.o(.data)
    Usart1_RX_Flag                           0x2000003e   Data           1  referee.o(.data)
    g_Referee_flag                           0x2000003f   Data           1  referee.o(.data)
    CRC_INIT                                 0x20000040   Data           2  referee.o(.data)
    FrictionCalistop                         0x20000044   Data           1  freertostask.o(.data)
    ImuGimbalCalistop                        0x20000045   Data           1  freertostask.o(.data)
    DbusParseTask_Handler                    0x20000048   Data           4  freertostask.o(.data)
    StartTask_Handler                        0x2000004c   Data           4  freertostask.o(.data)
    FrictionCaliTask_Handler                 0x20000050   Data           4  freertostask.o(.data)
    FrictionControlTask_Handler              0x20000054   Data           4  freertostask.o(.data)
    Can1ReceiveTask_Handler                  0x20000058   Data           4  freertostask.o(.data)
    Can2ReceiveTask_Handler                  0x2000005c   Data           4  freertostask.o(.data)
    IMUReceiveTask_Handler                   0x20000060   Data           4  freertostask.o(.data)
    BSPInitTaskTask_Handler                  0x20000064   Data           4  freertostask.o(.data)
    PIDCalculateTask_Handler                 0x20000068   Data           4  freertostask.o(.data)
    ChassisControlTask_Handler               0x2000006c   Data           4  freertostask.o(.data)
    GimbalControlTask_Handler                0x20000070   Data           4  freertostask.o(.data)
    ImuGimbalCaliTask_Handler                0x20000074   Data           4  freertostask.o(.data)
    OfflineDecetedTask_Handler               0x20000078   Data           4  freertostask.o(.data)
    ScanKeyTask_Handler                      0x2000007c   Data           4  freertostask.o(.data)
    DbusParseSem                             0x20000080   Data           4  freertostask.o(.data)
    ImuDataSem                               0x20000084   Data           4  freertostask.o(.data)
    BolletFreControlEnt                      0x20000098   Data           4  freertostask.o(.data)
    CmGimbalOutputEnt                        0x2000009c   Data           4  freertostask.o(.data)
    OfflineDetectedEnt                       0x200000a0   Data           4  freertostask.o(.data)
    FrictionControlQueue                     0x200000a4   Data           4  freertostask.o(.data)
    Can1ReceiveQueue                         0x200000a8   Data           4  freertostask.o(.data)
    Can2ReceiveQueue                         0x200000ac   Data           4  freertostask.o(.data)
    GimbalDataQueue                          0x200000b0   Data           4  freertostask.o(.data)
    CMDataQueue                              0x200000b4   Data           4  freertostask.o(.data)
    color                                    0x200000b8   Data           4  freertostask.o(.data)
    Remotch0eer                              0x200000bc   Data           1  freertostask.o(.data)
    output                                   0x200000be   Data           8  freertostask.o(.data)
    cmspeed                                  0x200000c6   Data           8  freertostask.o(.data)
    Auto_Origion                             0x200000d9   Data           6  auto_attacktask.o(.data)
    SendBuff                                 0x200000df   Data           4  auto_attacktask.o(.data)
    __stdout                                 0x200000e8   Data           4  usart.o(.data)
    exInt                                    0x200000ec   Data           4  imu.o(.data)
    eyInt                                    0x200000f0   Data           4  imu.o(.data)
    ezInt                                    0x200000f4   Data           4  imu.o(.data)
    q0                                       0x200000f8   Data           4  imu.o(.data)
    q1                                       0x200000fc   Data           4  imu.o(.data)
    q2                                       0x20000100   Data           4  imu.o(.data)
    q3                                       0x20000104   Data           4  imu.o(.data)
    integralFBhand                           0x20000108   Data           4  imu.o(.data)
    handdiff                                 0x2000010c   Data           4  imu.o(.data)
    lastUpdate                               0x20000110   Data           4  imu.o(.data)
    now                                      0x20000114   Data           4  imu.o(.data)
    Gx_offset                                0x20000118   Data           2  mpu6500_driver.o(.data)
    Gy_offset                                0x2000011a   Data           2  mpu6500_driver.o(.data)
    Gz_offset                                0x2000011c   Data           2  mpu6500_driver.o(.data)
    MPU6500_Lastax                           0x2000011e   Data           2  mpu6500_driver.o(.data)
    MPU6500_Lastay                           0x20000120   Data           2  mpu6500_driver.o(.data)
    MPU6500_Lastaz                           0x20000122   Data           2  mpu6500_driver.o(.data)
    MPU6500_Lastgx                           0x20000124   Data           2  mpu6500_driver.o(.data)
    MPU6500_Lastgy                           0x20000126   Data           2  mpu6500_driver.o(.data)
    MPU6500_Lastgz                           0x20000128   Data           2  mpu6500_driver.o(.data)
    Error_Data                               0x2000012a   Data          40  mpu6500_driver.o(.data)
    pxCurrentTCB                             0x2000018c   Data           4  tasks.o(.data)
    Imu_ext                                  0x200001e4   Data          16  stm32f4xx_it.o(.bss)
    key_ide                                  0x200001f4   Data          32  stm32f4xx_it.o(.bss)
    sbus_rx_buffer                           0x20000214   Data          18  remotdbus.o(.bss)
    Referee_date1                            0x200002a0   Data          68  referee.o(.bss)
    power                                    0x200002e4   Data          56  referee.o(.bss)
    CM_Motor                                 0x20000330   Data         304  freertostask.o(.bss)
    FireMotor                                0x20000460   Data          76  freertostask.o(.bss)
    YawMotor                                 0x200004ac   Data         164  freertostask.o(.bss)
    PitchMotor                               0x20000550   Data         164  freertostask.o(.bss)
    Mpu6500Data                              0x200005f4   Data          52  freertostask.o(.bss)
    RemotData                                0x20000628   Data          32  freertostask.o(.bss)
    control                                  0x20000648   Data          20  freertostask.o(.bss)
    AutoData                                 0x2000065c   Data          20  auto_attacktask.o(.bss)
    mainfocus_rx_buffer                      0x20000670   Data          10  auto_attacktask.o(.bss)
    imu_data                                 0x2000067a   Data          26  mpu6500_driver.o(.bss)
    imu_data_offest                          0x20000694   Data          26  mpu6500_driver.o(.bss)
    xQueueRegistry                           0x20013334   Data          64  queue.o(.bss)
    __libspace_start                         0x200134a0   Data          96  libspace.o(.bss)
    __temporary_stack_top$libspace           0x20013500   Data           0  libspace.o(.bss)



==============================================================================

Memory Map of the image

  Image Entry point : 0x080001ad

  Load Region LR_IROM1 (Base: 0x08000000, Size: 0x0000d8fc, Max: 0x00200000, ABSOLUTE, COMPRESSED[0x0000d784])

    Execution Region ER_IROM1 (Base: 0x08000000, Size: 0x0000d718, Max: 0x00200000, ABSOLUTE)

    Base Addr    Size         Type   Attr      Idx    E Section Name        Object

    0x08000000   0x000001ac   Data   RO          796    RESET               startup_stm32f427_437xx.o
    0x080001ac   0x00000008   Code   RO         1300  * !!!main             c_w.l(__main.o)
    0x080001b4   0x00000034   Code   RO         1600    !!!scatter          c_w.l(__scatter.o)
    0x080001e8   0x0000005a   Code   RO         1598    !!dczerorl2         c_w.l(__dczerorl2.o)
    0x08000242   0x00000002   PAD
    0x08000244   0x0000001c   Code   RO         1602    !!handler_zi        c_w.l(__scatter_zi.o)
    0x08000260   0x00000000   Code   RO         1283    .ARM.Collect$$_printf_percent$$00000000  c_w.l(_printf_percent.o)
    0x08000260   0x00000006   Code   RO         1282    .ARM.Collect$$_printf_percent$$0000000A  c_w.l(_printf_u.o)
    0x08000266   0x00000006   Code   RO         1281    .ARM.Collect$$_printf_percent$$00000013  c_w.l(_printf_c.o)
    0x0800026c   0x00000004   Code   RO         1387    .ARM.Collect$$_printf_percent$$00000017  c_w.l(_printf_percent_end.o)
    0x08000270   0x00000002   Code   RO         1476    .ARM.Collect$$libinit$$00000000  c_w.l(libinit.o)
    0x08000272   0x00000004   Code   RO         1479    .ARM.Collect$$libinit$$00000001  c_w.l(libinit2.o)
    0x08000276   0x00000000   Code   RO         1482    .ARM.Collect$$libinit$$00000004  c_w.l(libinit2.o)
    0x08000276   0x00000000   Code   RO         1485    .ARM.Collect$$libinit$$0000000A  c_w.l(libinit2.o)
    0x08000276   0x00000000   Code   RO         1487    .ARM.Collect$$libinit$$0000000C  c_w.l(libinit2.o)
    0x08000276   0x00000000   Code   RO         1489    .ARM.Collect$$libinit$$0000000E  c_w.l(libinit2.o)
    0x08000276   0x00000000   Code   RO         1492    .ARM.Collect$$libinit$$00000011  c_w.l(libinit2.o)
    0x08000276   0x00000000   Code   RO         1494    .ARM.Collect$$libinit$$00000013  c_w.l(libinit2.o)
    0x08000276   0x00000000   Code   RO         1496    .ARM.Collect$$libinit$$00000015  c_w.l(libinit2.o)
    0x08000276   0x00000000   Code   RO         1498    .ARM.Collect$$libinit$$00000017  c_w.l(libinit2.o)
    0x08000276   0x00000000   Code   RO         1500    .ARM.Collect$$libinit$$00000019  c_w.l(libinit2.o)
    0x08000276   0x00000000   Code   RO         1502    .ARM.Collect$$libinit$$0000001B  c_w.l(libinit2.o)
    0x08000276   0x00000000   Code   RO         1504    .ARM.Collect$$libinit$$0000001D  c_w.l(libinit2.o)
    0x08000276   0x00000000   Code   RO         1506    .ARM.Collect$$libinit$$0000001F  c_w.l(libinit2.o)
    0x08000276   0x00000000   Code   RO         1508    .ARM.Collect$$libinit$$00000021  c_w.l(libinit2.o)
    0x08000276   0x00000000   Code   RO         1510    .ARM.Collect$$libinit$$00000023  c_w.l(libinit2.o)
    0x08000276   0x00000000   Code   RO         1512    .ARM.Collect$$libinit$$00000025  c_w.l(libinit2.o)
    0x08000276   0x00000000   Code   RO         1516    .ARM.Collect$$libinit$$0000002C  c_w.l(libinit2.o)
    0x08000276   0x00000000   Code   RO         1518    .ARM.Collect$$libinit$$0000002E  c_w.l(libinit2.o)
    0x08000276   0x00000000   Code   RO         1520    .ARM.Collect$$libinit$$00000030  c_w.l(libinit2.o)
    0x08000276   0x00000000   Code   RO         1522    .ARM.Collect$$libinit$$00000032  c_w.l(libinit2.o)
    0x08000276   0x00000002   Code   RO         1523    .ARM.Collect$$libinit$$00000033  c_w.l(libinit2.o)
    0x08000278   0x00000002   Code   RO         1541    .ARM.Collect$$libshutdown$$00000000  c_w.l(libshutdown.o)
    0x0800027a   0x00000000   Code   RO         1552    .ARM.Collect$$libshutdown$$00000003  c_w.l(libshutdown2.o)
    0x0800027a   0x00000000   Code   RO         1555    .ARM.Collect$$libshutdown$$00000006  c_w.l(libshutdown2.o)
    0x0800027a   0x00000000   Code   RO         1558    .ARM.Collect$$libshutdown$$00000009  c_w.l(libshutdown2.o)
    0x0800027a   0x00000000   Code   RO         1560    .ARM.Collect$$libshutdown$$0000000B  c_w.l(libshutdown2.o)
    0x0800027a   0x00000000   Code   RO         1563    .ARM.Collect$$libshutdown$$0000000E  c_w.l(libshutdown2.o)
    0x0800027a   0x00000002   Code   RO         1564    .ARM.Collect$$libshutdown$$0000000F  c_w.l(libshutdown2.o)
    0x0800027c   0x00000000   Code   RO         1374    .ARM.Collect$$rtentry$$00000000  c_w.l(__rtentry.o)
    0x0800027c   0x00000000   Code   RO         1437    .ARM.Collect$$rtentry$$00000002  c_w.l(__rtentry2.o)
    0x0800027c   0x00000006   Code   RO         1449    .ARM.Collect$$rtentry$$00000004  c_w.l(__rtentry4.o)
    0x08000282   0x00000000   Code   RO         1439    .ARM.Collect$$rtentry$$00000009  c_w.l(__rtentry2.o)
    0x08000282   0x00000004   Code   RO         1440    .ARM.Collect$$rtentry$$0000000A  c_w.l(__rtentry2.o)
    0x08000286   0x00000000   Code   RO         1442    .ARM.Collect$$rtentry$$0000000C  c_w.l(__rtentry2.o)
    0x08000286   0x00000008   Code   RO         1443    .ARM.Collect$$rtentry$$0000000D  c_w.l(__rtentry2.o)
    0x0800028e   0x00000002   Code   RO         1477    .ARM.Collect$$rtexit$$00000000  c_w.l(rtexit.o)
    0x08000290   0x00000000   Code   RO         1525    .ARM.Collect$$rtexit$$00000002  c_w.l(rtexit2.o)
    0x08000290   0x00000004   Code   RO         1526    .ARM.Collect$$rtexit$$00000003  c_w.l(rtexit2.o)
    0x08000294   0x00000006   Code   RO         1527    .ARM.Collect$$rtexit$$00000004  c_w.l(rtexit2.o)
    0x0800029a   0x00000002   PAD
    0x0800029c   0x000000be   Code   RO         1079    .emb_text           port.o
    0x0800035a   0x00000016   Code   RO            3    .text               main.o
    0x08000370   0x0000030c   Code   RO          209    .text               stm32f4xx_it.o
    0x0800067c   0x00000244   Code   RO          289    .text               system_stm32f4xx.o
    0x080008c0   0x00000208   Code   RO          315    .text               pid_modify.o
    0x08000ac8   0x00000490   Code   RO          346    .text               basicperipherals.o
    0x08000f58   0x00000138   Code   RO          376    .text               remotdbus.o
    0x08001090   0x000001e0   Code   RO          402    .text               frictionmoterpwm.o
    0x08001270   0x000002c4   Code   RO          425    .text               motorcan.o
    0x08001534   0x00000160   Code   RO          445    .text               stmflash.o
    0x08001694   0x00000160   Code   RO          468    .text               mainfocus_usart.o
    0x080017f4   0x00000490   Code   RO          495    .text               referee.o
    0x08001c84   0x0000133c   Code   RO          526    .text               freertostask.o
    0x08002fc0   0x00000104   Code   RO          579    .text               auto_attacktask.o
    0x080030c4   0x000000ec   Code   RO          618    .text               delay.o
    0x080031b0   0x000000a8   Code   RO          658    .text               usart.o
    0x08003258   0x00000a7c   Code   RO          691    .text               imu.o
    0x08003cd4   0x00000098   Code   RO          714    .text               imu_int.o
    0x08003d6c   0x000008a0   Code   RO          738    .text               mpu6500_driver.o
    0x0800460c   0x0000016c   Code   RO          776    .text               spi.o
    0x08004778   0x00000040   Code   RO          797    .text               startup_stm32f427_437xx.o
    0x080047b8   0x000000e0   Code   RO          803    .text               misc.o
    0x08004898   0x00000294   Code   RO          823    .text               stm32f4xx_gpio.o
    0x08004b2c   0x00000660   Code   RO          843    .text               stm32f4xx_rcc.o
    0x0800518c   0x00000094   Code   RO          865    .text               stm32f4xx_syscfg.o
    0x08005220   0x00000454   Code   RO          885    .text               stm32f4xx_usart.o
    0x08005674   0x000009f0   Code   RO          905    .text               stm32f4xx_can.o
    0x08006064   0x000003a8   Code   RO          925    .text               stm32f4xx_dma.o
    0x0800640c   0x00000ca2   Code   RO          945    .text               stm32f4xx_tim.o
    0x080070ae   0x00000002   PAD
    0x080070b0   0x000004ee   Code   RO          965    .text               stm32f4xx_spi.o
    0x0800759e   0x00000002   PAD
    0x080075a0   0x00000698   Code   RO          985    .text               stm32f4xx_flash.o
    0x08007c38   0x00000110   Code   RO         1025    .text               stm32f4xx_exti.o
    0x08007d48   0x0000029c   Code   RO         1043    .text               heap_4.o
    0x08007fe4   0x00000340   Code   RO         1080    .text               port.o
    0x08008324   0x00000474   Code   RO         1118    .text               event_groups.o
    0x08008798   0x00000094   Code   RO         1145    .text               list.o
    0x0800882c   0x00000f18   Code   RO         1160    .text               queue.o
    0x08009744   0x00001b60   Code   RO         1199    .text               tasks.o
    0x0800b2a4   0x000005ec   Code   RO         1225    .text               timers.o
    0x0800b890   0x00000002   Code   RO         1245    .text               c_w.l(use_no_semi_2.o)
    0x0800b892   0x00000002   PAD
    0x0800b894   0x00000018   Code   RO         1251    .text               c_w.l(noretval__2printf.o)
    0x0800b8ac   0x00000028   Code   RO         1253    .text               c_w.l(noretval__2sprintf.o)
    0x0800b8d4   0x00000068   Code   RO         1255    .text               c_w.l(__printf.o)
    0x0800b93c   0x00000052   Code   RO         1257    .text               c_w.l(_printf_str.o)
    0x0800b98e   0x00000002   PAD
    0x0800b990   0x00000078   Code   RO         1259    .text               c_w.l(_printf_dec.o)
    0x0800ba08   0x00000048   Code   RO         1284    .text               c_w.l(strcpy.o)
    0x0800ba50   0x0000003e   Code   RO         1286    .text               c_w.l(strlen.o)
    0x0800ba8e   0x0000008a   Code   RO         1288    .text               c_w.l(rt_memcpy_v6.o)
    0x0800bb18   0x00000064   Code   RO         1290    .text               c_w.l(rt_memcpy_w.o)
    0x0800bb7c   0x00000010   Code   RO         1294    .text               c_w.l(aeabi_memset.o)
    0x0800bb8c   0x0000004e   Code   RO         1296    .text               c_w.l(rt_memclr_w.o)
    0x0800bbda   0x00000006   Code   RO         1298    .text               c_w.l(heapauxi.o)
    0x0800bbe0   0x00000002   Code   RO         1372    .text               c_w.l(use_no_semi.o)
    0x0800bbe2   0x00000016   Code   RO         1375    .text               c_w.l(_rserrno.o)
    0x0800bbf8   0x000000b2   Code   RO         1377    .text               c_w.l(_printf_intcommon.o)
    0x0800bcaa   0x00000002   PAD
    0x0800bcac   0x00000030   Code   RO         1379    .text               c_w.l(_printf_char_common.o)
    0x0800bcdc   0x0000000a   Code   RO         1381    .text               c_w.l(_sputc.o)
    0x0800bce6   0x0000002c   Code   RO         1383    .text               c_w.l(_printf_char.o)
    0x0800bd12   0x00000002   PAD
    0x0800bd14   0x00000024   Code   RO         1385    .text               c_w.l(_printf_char_file.o)
    0x0800bd38   0x00000044   Code   RO         1388    .text               c_w.l(rt_memclr.o)
    0x0800bd7c   0x00000008   Code   RO         1454    .text               c_w.l(rt_errno_addr_intlibspace.o)
    0x0800bd84   0x00000008   Code   RO         1458    .text               c_w.l(ferror.o)
    0x0800bd8c   0x00000008   Code   RO         1464    .text               c_w.l(libspace.o)
    0x0800bd94   0x0000004a   Code   RO         1467    .text               c_w.l(sys_stackheap_outer.o)
    0x0800bdde   0x0000000c   Code   RO         1469    .text               c_w.l(exit.o)
    0x0800bdea   0x00000030   Code   RO         1431    i.__ARM_fpclassify  m_wm.l(fpclassify.o)
    0x0800be1a   0x00000006   PAD
    0x0800be20   0x00000360   Code   RO         1328    i.__hardfp_asin     m_wm.l(asin.o)
    0x0800c180   0x000002d8   Code   RO         1403    i.__hardfp_atan     m_wm.l(atan.o)
    0x0800c458   0x000001f0   Code   RO         1342    i.__hardfp_atan2    m_wm.l(atan2.o)
    0x0800c648   0x00000014   Code   RO         1354    i.__hardfp_fabs     m_wm.l(fabs.o)
    0x0800c65c   0x0000007a   Code   RO         1360    i.__hardfp_sqrt     m_wm.l(sqrt.o)
    0x0800c6d6   0x000000f8   Code   RO         1433    i.__kernel_poly     m_wm.l(poly.o)
    0x0800c7ce   0x00000014   Code   RO         1418    i.__mathlib_dbl_infnan  m_wm.l(dunder.o)
    0x0800c7e2   0x00000014   Code   RO         1419    i.__mathlib_dbl_infnan2  m_wm.l(dunder.o)
    0x0800c7f6   0x00000002   PAD
    0x0800c7f8   0x00000020   Code   RO         1420    i.__mathlib_dbl_invalid  m_wm.l(dunder.o)
    0x0800c818   0x00000020   Code   RO         1423    i.__mathlib_dbl_underflow  m_wm.l(dunder.o)
    0x0800c838   0x00000010   Code   RO         1405    i.atan              m_wm.l(atan.o)
    0x0800c848   0x00000018   Code   RO         1356    i.fabs              m_wm.l(fabs.o)
    0x0800c860   0x0000006e   Code   RO         1362    i.sqrt              m_wm.l(sqrt.o)
    0x0800c8ce   0x00000018   Code   RO         1302    x$fpl$basic         fz_wm.l(basic.o)
    0x0800c8e6   0x00000002   PAD
    0x0800c8e8   0x00000062   Code   RO         1304    x$fpl$d2f           fz_wm.l(d2f.o)
    0x0800c94a   0x00000002   PAD
    0x0800c94c   0x00000150   Code   RO         1306    x$fpl$dadd          fz_wm.l(daddsub_clz.o)
    0x0800ca9c   0x00000018   Code   RO         1462    x$fpl$dcmpinf       fz_wm.l(dcmpi.o)
    0x0800cab4   0x000002b0   Code   RO         1313    x$fpl$ddiv          fz_wm.l(ddiv.o)
    0x0800cd64   0x0000002e   Code   RO         1317    x$fpl$dflt          fz_wm.l(dflt_clz.o)
    0x0800cd92   0x00000002   PAD
    0x0800cd94   0x00000078   Code   RO         1390    x$fpl$dleqf         fz_wm.l(dleqf.o)
    0x0800ce0c   0x00000154   Code   RO         1322    x$fpl$dmul          fz_wm.l(dmul.o)
    0x0800cf60   0x0000009c   Code   RO         1392    x$fpl$dnaninf       fz_wm.l(dnaninf.o)
    0x0800cffc   0x0000000c   Code   RO         1394    x$fpl$dretinf       fz_wm.l(dretinf.o)
    0x0800d008   0x0000006c   Code   RO         1324    x$fpl$drleqf        fz_wm.l(drleqf.o)
    0x0800d074   0x00000016   Code   RO         1307    x$fpl$drsb          fz_wm.l(daddsub_clz.o)
    0x0800d08a   0x00000002   PAD
    0x0800d08c   0x00000198   Code   RO         1396    x$fpl$dsqrt         fz_wm.l(dsqrt_umaal.o)
    0x0800d224   0x000001d4   Code   RO         1308    x$fpl$dsub          fz_wm.l(daddsub_clz.o)
    0x0800d3f8   0x00000056   Code   RO         1326    x$fpl$f2d           fz_wm.l(f2d.o)
    0x0800d44e   0x0000008c   Code   RO         1398    x$fpl$fnaninf       fz_wm.l(fnaninf.o)
    0x0800d4da   0x0000000a   Code   RO         1533    x$fpl$fpinit        fz_wm.l(fpinit.o)
    0x0800d4e4   0x0000000a   Code   RO         1400    x$fpl$fretinf       fz_wm.l(fretinf.o)
    0x0800d4ee   0x00000000   Code   RO         1402    x$fpl$usenofp       fz_wm.l(usenofp.o)
    0x0800d4ee   0x00000101   Data   RO          497    .constdata          referee.o
    0x0800d5ef   0x00000001   PAD
    0x0800d5f0   0x00000014   Data   RO          740    .constdata          mpu6500_driver.o
    0x0800d604   0x00000004   PAD
    0x0800d608   0x00000050   Data   RO         1331    .constdata          m_wm.l(asin.o)
    0x0800d658   0x00000098   Data   RO         1406    .constdata          m_wm.l(atan.o)
    0x0800d6f0   0x00000008   Data   RO         1435    .constdata          m_wm.l(qnan.o)
    0x0800d6f8   0x00000020   Data   RO         1596    Region$$Table       anon$$obj.o


    Execution Region RW_IRAM1 (Base: 0x20000000, Size: 0x00013b00, Max: 0x00030000, ABSOLUTE, COMPRESSED[0x0000006c])

    Base Addr    Size         Type   Attr      Idx    E Section Name        Object

    0x20000000   0x00000024   Data   RW          211    .data               stm32f4xx_it.o
    0x20000024   0x00000014   Data   RW          290    .data               system_stm32f4xx.o
    0x20000038   0x00000004   Data   RW          347    .data               basicperipherals.o
    0x2000003c   0x00000007   Data   RW          498    .data               referee.o
    0x20000043   0x00000001   PAD
    0x20000044   0x00000095   Data   RW          528    .data               freertostask.o
    0x200000d9   0x0000000b   Data   RW          581    .data               auto_attacktask.o
    0x200000e4   0x00000004   Data   RW          619    .data               delay.o
    0x200000e8   0x00000004   Data   RW          659    .data               usart.o
    0x200000ec   0x0000002c   Data   RW          692    .data               imu.o
    0x20000118   0x0000003f   Data   RW          741    .data               mpu6500_driver.o
    0x20000157   0x00000010   Data   RW          844    .data               stm32f4xx_rcc.o
    0x20000167   0x00000001   PAD
    0x20000168   0x00000018   Data   RW         1045    .data               heap_4.o
    0x20000180   0x0000000c   Data   RW         1081    .data               port.o
    0x2000018c   0x00000044   Data   RW         1201    .data               tasks.o
    0x200001d0   0x00000014   Data   RW         1227    .data               timers.o
    0x200001e4   0x00000030   Zero   RW          210    .bss                stm32f4xx_it.o
    0x20000214   0x00000012   Zero   RW          377    .bss                remotdbus.o
    0x20000226   0x00000002   PAD
    0x20000228   0x00000108   Zero   RW          496    .bss                referee.o
    0x20000330   0x0000032c   Zero   RW          527    .bss                freertostask.o
    0x2000065c   0x0000001e   Zero   RW          580    .bss                auto_attacktask.o
    0x2000067a   0x000000b8   Zero   RW          739    .bss                mpu6500_driver.o
    0x20000732   0x00012c00   Zero   RW         1044    .bss                heap_4.o
    0x20013332   0x00000002   PAD
    0x20013334   0x00000040   Zero   RW         1161    .bss                queue.o
    0x20013374   0x00000104   Zero   RW         1200    .bss                tasks.o
    0x20013478   0x00000028   Zero   RW         1226    .bss                timers.o
    0x200134a0   0x00000060   Zero   RW         1465    .bss                c_w.l(libspace.o)
    0x20013500   0x00000200   Zero   RW          795    HEAP                startup_stm32f427_437xx.o
    0x20013700   0x00000400   Zero   RW          794    STACK               startup_stm32f427_437xx.o


==============================================================================

Image component sizes


      Code (inc. data)   RO Data    RW Data    ZI Data      Debug   Object Name

       260         28          0         11         30       2526   auto_attacktask.o
      1168         46          0          4          0       5060   basicperipherals.o
       236          8          0          4          0       1637   delay.o
      1140          4          0          0          0      15367   event_groups.o
      4924        724          0        149        812      10103   freertostask.o
       480         12          0          0          0       1163   frictionmoterpwm.o
       668         24          0         24      76800      13160   heap_4.o
      2684        108          0         44          0       3884   imu.o
       152          4          0          0          0        949   imu_int.o
       148          0          0          0          0       1942   list.o
        22          0          0          0          0     346125   main.o
       352         18          0          0          0       1319   mainfocus_usart.o
       224         20          0          0          0       1833   misc.o
       708         16          0          0          0       1911   motorcan.o
      2208        106         20         63        184       7711   mpu6500_driver.o
       520         14          0          0          0       3295   pid_modify.o
      1022         52          0         12          0       8935   port.o
      3864         20          0          0         64      20636   queue.o
      1168         58        257          7        264       5658   referee.o
       312         22          0          0         18       1326   remotdbus.o
       364          8          0          0          0       1422   spi.o
        64         26        428          0       1536        844   startup_stm32f427_437xx.o
      2544         38          0          0          0       7984   stm32f4xx_can.o
       936         32          0          0          0       6305   stm32f4xx_dma.o
       272         10          0          0          0       2279   stm32f4xx_exti.o
      1688         24          0          0          0       9166   stm32f4xx_flash.o
       660         44          0          0          0       4109   stm32f4xx_gpio.o
       780         90          0         36         48     247139   stm32f4xx_it.o
      1632         54          0         16          0      12964   stm32f4xx_rcc.o
      1262         38          0          0          0       7313   stm32f4xx_spi.o
       148         12          0          0          0       1853   stm32f4xx_syscfg.o
      3234         60          0          0          0      22312   stm32f4xx_tim.o
      1108         34          0          0          0       7808   stm32f4xx_usart.o
       352         48          0          0          0       2384   stmflash.o
       580         46          0         20          0       1827   system_stm32f4xx.o
      7008        416          0         68        260      30630   tasks.o
      1516         68          0         20         40      11426   timers.o
       168         10          0          4          0       3002   usart.o

    ----------------------------------------------------------------------
     46580       2342        742        484      80060     835307   Object Totals
         0          0         32          0          0          0   (incl. Generated)
         4          0          5          2          4          0   (incl. Padding)

    ----------------------------------------------------------------------

      Code (inc. data)   RO Data    RW Data    ZI Data      Debug   Library Member Name

        90          0          0          0          0          0   __dczerorl2.o
         8          0          0          0          0         68   __main.o
       104          0          0          0          0         84   __printf.o
         0          0          0          0          0          0   __rtentry.o
        12          0          0          0          0          0   __rtentry2.o
         6          0          0          0          0          0   __rtentry4.o
        52          8          0          0          0          0   __scatter.o
        28          0          0          0          0          0   __scatter_zi.o
         6          0          0          0          0          0   _printf_c.o
        44          0          0          0          0        108   _printf_char.o
        48          6          0          0          0         96   _printf_char_common.o
        36          4          0          0          0         80   _printf_char_file.o
       120         16          0          0          0         92   _printf_dec.o
       178          0          0          0          0         88   _printf_intcommon.o
         0          0          0          0          0          0   _printf_percent.o
         4          0          0          0          0          0   _printf_percent_end.o
        82          0          0          0          0         80   _printf_str.o
         6          0          0          0          0          0   _printf_u.o
        22          0          0          0          0        100   _rserrno.o
        10          0          0          0          0         68   _sputc.o
        16          0          0          0          0         68   aeabi_memset.o
        12          0          0          0          0         72   exit.o
         8          0          0          0          0         68   ferror.o
         6          0          0          0          0        152   heapauxi.o
         2          0          0          0          0          0   libinit.o
         6          0          0          0          0          0   libinit2.o
         2          0          0          0          0          0   libshutdown.o
         2          0          0          0          0          0   libshutdown2.o
         8          4          0          0         96         68   libspace.o
        24          4          0          0          0         84   noretval__2printf.o
        40          6          0          0          0         84   noretval__2sprintf.o
         8          4          0          0          0         68   rt_errno_addr_intlibspace.o
        68          0          0          0          0         68   rt_memclr.o
        78          0          0          0          0         80   rt_memclr_w.o
       138          0          0          0          0         68   rt_memcpy_v6.o
       100          0          0          0          0         80   rt_memcpy_w.o
         2          0          0          0          0          0   rtexit.o
        10          0          0          0          0          0   rtexit2.o
        72          0          0          0          0         80   strcpy.o
        62          0          0          0          0         76   strlen.o
        74          0          0          0          0         80   sys_stackheap_outer.o
         2          0          0          0          0         68   use_no_semi.o
         2          0          0          0          0         68   use_no_semi_2.o
        24          0          0          0          0        164   basic.o
        98          4          0          0          0        140   d2f.o
       826         16          0          0          0        492   daddsub_clz.o
        24          0          0          0          0        116   dcmpi.o
       688        140          0          0          0        256   ddiv.o
        46          0          0          0          0        116   dflt_clz.o
       120          4          0          0          0        140   dleqf.o
       340         12          0          0          0        152   dmul.o
       156          4          0          0          0        140   dnaninf.o
        12          0          0          0          0        116   dretinf.o
       108          0          0          0          0        128   drleqf.o
       408         56          0          0          0        168   dsqrt_umaal.o
        86          4          0          0          0        132   f2d.o
       140          4          0          0          0        132   fnaninf.o
        10          0          0          0          0        116   fpinit.o
        10          0          0          0          0        116   fretinf.o
         0          0          0          0          0          0   usenofp.o
       864         94         80          0          0        280   asin.o
       744        106        152          0          0        352   atan.o
       496         64          0          0          0        192   atan2.o
       104         16          0          0          0        496   dunder.o
        44          0          0          0          0        248   fabs.o
        48          0          0          0          0        124   fpclassify.o
       248          0          0          0          0        152   poly.o
         0          0          8          0          0          0   qnan.o
       232          0          0          0          0        296   sqrt.o

    ----------------------------------------------------------------------
      7502        576        240          0         96       6960   Library Totals
        28          0          0          0          0          0   (incl. Padding)

    ----------------------------------------------------------------------

      Code (inc. data)   RO Data    RW Data    ZI Data      Debug   Library Name

      1598         52          0          0         96       2196   c_w.l
      3096        244          0          0          0       2624   fz_wm.l
      2780        280        240          0          0       2140   m_wm.l

    ----------------------------------------------------------------------
      7502        576        240          0         96       6960   Library Totals

    ----------------------------------------------------------------------

==============================================================================


      Code (inc. data)   RO Data    RW Data    ZI Data      Debug   

     54082       2918        982        484      80156     828771   Grand Totals
     54082       2918        982        108      80156     828771   ELF Image Totals (compressed)
     54082       2918        982        108          0          0   ROM Totals

==============================================================================

    Total RO  Size (Code + RO Data)                55064 (  53.77kB)
    Total RW  Size (RW Data + ZI Data)             80640 (  78.75kB)
    Total ROM Size (Code + RO Data + RW Data)      55172 (  53.88kB)

==============================================================================

